[1m[33m[vike][39m[22m[33m[Warning][39m The environment is set to be a [1mdevelopment environment[22m by [36mprocess.env.NODE_ENV===undefined[39m, which is contradictory because the environment seems to be a production environment (Vite isn't loaded), see [4mhttps://vike.dev/NODE_ENV[24m and [4mhttps://vike.dev/warning/setup[24m
[1m[33m[vike][39m[22m[33m[Warning][39m /src/pages/contact/+Page.jsx unexpected [36mexport { meta }[39m, see https://vike.dev/no-side-exports
[1m[33m[vike][39m[22m[33m[Warning][39m /src/pages/sms/+Page.jsx unexpected [36mexport { meta }[39m, see https://vike.dev/no-side-exports
[1m[33m[vike][39m[22m[33m[Warning][39m /src/pages/shortcode/+Page.jsx unexpected [36mexport { meta }[39m, see https://vike.dev/no-side-exports
[1m[33m[vike][39m[22m[33m[Warning][39m /src/pages/ussd/+Page.jsx unexpected [36mexport { meta }[39m, see https://vike.dev/no-side-exports
[1m[33m[vike][39m[22m[33m[Warning][39m /src/pages/payment/+Page.jsx unexpected [36mexport { meta }[39m, see https://vike.dev/no-side-exports
[1m[33m[vike][39m[22m[33m[Warning][39m /src/pages/data/+Page.jsx unexpected [36mexport { meta }[39m, see https://vike.dev/no-side-exports
[1m[33m[vike][39m[22m[33m[Warning][39m /src/pages/voice/+Page.jsx unexpected [36mexport { meta }[39m, see https://vike.dev/no-side-exports
[1m[33m[vike][39m[22m[33m[Warning][39m /src/pages/call-back/+Page.jsx unexpected [36mexport { meta }[39m, see https://vike.dev/no-side-exports
[1m[33m[vike][39m[22m[33m[Warning][39m /src/pages/airtime/+Page.jsx unexpected [36mexport { meta }[39m, see https://vike.dev/no-side-exports
[1m[33m[vike][39m[22m[33m[Warning][39m /src/pages/index/+Page.jsx unexpected [36mexport { meta }[39m, see https://vike.dev/no-side-exports
[1m[33m[vike][39m[22m[33m[Warning][39m /src/pages/_error/+Page.jsx unexpected [36mexport { meta }[39m, see https://vike.dev/no-side-exports
[31mReferenceError: React is not defined
    at ErrorPage (file:///C:/Users/USER/Downloads/website/build/server/entries/src_pages_error.mjs:20:3)
    at renderWithHooks (C:\Users\USER\Downloads\website\node_modules\react-dom\cjs\react-dom-server-legacy.node.production.js:4196:18)
    at renderElement (C:\Users\USER\Downloads\website\node_modules\react-dom\cjs\react-dom-server-legacy.node.production.js:4334:14)
    at retryNode (C:\Users\USER\Downloads\website\node_modules\react-dom\cjs\react-dom-server-legacy.node.production.js:5040:16)
    at renderNodeDestructive (C:\Users\USER\Downloads\website\node_modules\react-dom\cjs\react-dom-server-legacy.node.production.js:4843:7)
    at renderNode (C:\Users\USER\Downloads\website\node_modules\react-dom\cjs\react-dom-server-legacy.node.production.js:5401:14)
    at renderElement (C:\Users\USER\Downloads\website\node_modules\react-dom\cjs\react-dom-server-legacy.node.production.js:4400:14)
    at retryNode (C:\Users\USER\Downloads\website\node_modules\react-dom\cjs\react-dom-server-legacy.node.production.js:5040:16)
    at renderNodeDestructive (C:\Users\USER\Downloads\website\node_modules\react-dom\cjs\react-dom-server-legacy.node.production.js:4843:7)
    at renderNode (C:\Users\USER\Downloads\website\node_modules\react-dom\cjs\react-dom-server-legacy.node.production.js:5401:14)[39m
[31mReferenceError: React is not defined
    at ErrorPage (file:///C:/Users/USER/Downloads/website/build/server/entries/src_pages_error.mjs:20:3)
    at renderWithHooks (C:\Users\USER\Downloads\website\node_modules\react-dom\cjs\react-dom-server-legacy.node.production.js:4196:18)
    at renderElement (C:\Users\USER\Downloads\website\node_modules\react-dom\cjs\react-dom-server-legacy.node.production.js:4334:14)
    at retryNode (C:\Users\USER\Downloads\website\node_modules\react-dom\cjs\react-dom-server-legacy.node.production.js:5040:16)
    at renderNodeDestructive (C:\Users\USER\Downloads\website\node_modules\react-dom\cjs\react-dom-server-legacy.node.production.js:4843:7)
    at renderNode (C:\Users\USER\Downloads\website\node_modules\react-dom\cjs\react-dom-server-legacy.node.production.js:5401:14)
    at renderElement (C:\Users\USER\Downloads\website\node_modules\react-dom\cjs\react-dom-server-legacy.node.production.js:4400:14)
    at retryNode (C:\Users\USER\Downloads\website\node_modules\react-dom\cjs\react-dom-server-legacy.node.production.js:5040:16)
    at renderNodeDestructive (C:\Users\USER\Downloads\website\node_modules\react-dom\cjs\react-dom-server-legacy.node.production.js:4843:7)
    at renderNode (C:\Users\USER\Downloads\website\node_modules\react-dom\cjs\react-dom-server-legacy.node.production.js:5401:14)[39m
[31mReferenceError: React is not defined
    at ErrorPage (file:///C:/Users/USER/Downloads/website/build/server/entries/src_pages_error.mjs:20:3)
    at renderWithHooks (C:\Users\USER\Downloads\website\node_modules\react-dom\cjs\react-dom-server-legacy.node.production.js:4196:18)
    at renderElement (C:\Users\USER\Downloads\website\node_modules\react-dom\cjs\react-dom-server-legacy.node.production.js:4334:14)
    at retryNode (C:\Users\USER\Downloads\website\node_modules\react-dom\cjs\react-dom-server-legacy.node.production.js:5040:16)
    at renderNodeDestructive (C:\Users\USER\Downloads\website\node_modules\react-dom\cjs\react-dom-server-legacy.node.production.js:4843:7)
    at renderNode (C:\Users\USER\Downloads\website\node_modules\react-dom\cjs\react-dom-server-legacy.node.production.js:5401:14)
    at renderElement (C:\Users\USER\Downloads\website\node_modules\react-dom\cjs\react-dom-server-legacy.node.production.js:4400:14)
    at retryNode (C:\Users\USER\Downloads\website\node_modules\react-dom\cjs\react-dom-server-legacy.node.production.js:5040:16)
    at renderNodeDestructive (C:\Users\USER\Downloads\website\node_modules\react-dom\cjs\react-dom-server-legacy.node.production.js:4843:7)
    at renderNode (C:\Users\USER\Downloads\website\node_modules\react-dom\cjs\react-dom-server-legacy.node.production.js:5401:14)[39m
[31mReferenceError: React is not defined
    at ErrorPage (file:///C:/Users/USER/Downloads/website/build/server/entries/src_pages_error.mjs:20:3)
    at renderWithHooks (C:\Users\USER\Downloads\website\node_modules\react-dom\cjs\react-dom-server-legacy.node.production.js:4196:18)
    at renderElement (C:\Users\USER\Downloads\website\node_modules\react-dom\cjs\react-dom-server-legacy.node.production.js:4334:14)
    at retryNode (C:\Users\USER\Downloads\website\node_modules\react-dom\cjs\react-dom-server-legacy.node.production.js:5040:16)
    at renderNodeDestructive (C:\Users\USER\Downloads\website\node_modules\react-dom\cjs\react-dom-server-legacy.node.production.js:4843:7)
    at renderNode (C:\Users\USER\Downloads\website\node_modules\react-dom\cjs\react-dom-server-legacy.node.production.js:5401:14)
    at renderElement (C:\Users\USER\Downloads\website\node_modules\react-dom\cjs\react-dom-server-legacy.node.production.js:4400:14)
    at retryNode (C:\Users\USER\Downloads\website\node_modules\react-dom\cjs\react-dom-server-legacy.node.production.js:5040:16)
    at renderNodeDestructive (C:\Users\USER\Downloads\website\node_modules\react-dom\cjs\react-dom-server-legacy.node.production.js:4843:7)
    at renderNode (C:\Users\USER\Downloads\website\node_modules\react-dom\cjs\react-dom-server-legacy.node.production.js:5401:14)[39m
[31mReferenceError: React is not defined
    at ErrorPage (file:///C:/Users/USER/Downloads/website/build/server/entries/src_pages_error.mjs:20:3)
    at renderWithHooks (C:\Users\USER\Downloads\website\node_modules\react-dom\cjs\react-dom-server-legacy.node.production.js:4196:18)
    at renderElement (C:\Users\USER\Downloads\website\node_modules\react-dom\cjs\react-dom-server-legacy.node.production.js:4334:14)
    at retryNode (C:\Users\USER\Downloads\website\node_modules\react-dom\cjs\react-dom-server-legacy.node.production.js:5040:16)
    at renderNodeDestructive (C:\Users\USER\Downloads\website\node_modules\react-dom\cjs\react-dom-server-legacy.node.production.js:4843:7)
    at renderNode (C:\Users\USER\Downloads\website\node_modules\react-dom\cjs\react-dom-server-legacy.node.production.js:5401:14)
    at renderElement (C:\Users\USER\Downloads\website\node_modules\react-dom\cjs\react-dom-server-legacy.node.production.js:4400:14)
    at retryNode (C:\Users\USER\Downloads\website\node_modules\react-dom\cjs\react-dom-server-legacy.node.production.js:5040:16)
    at renderNodeDestructive (C:\Users\USER\Downloads\website\node_modules\react-dom\cjs\react-dom-server-legacy.node.production.js:4843:7)
    at renderNode (C:\Users\USER\Downloads\website\node_modules\react-dom\cjs\react-dom-server-legacy.node.production.js:5401:14)[39m
[31mReferenceError: React is not defined
    at ErrorPage (file:///C:/Users/USER/Downloads/website/build/server/entries/src_pages_error.mjs:20:3)
    at renderWithHooks (C:\Users\USER\Downloads\website\node_modules\react-dom\cjs\react-dom-server-legacy.node.production.js:4196:18)
    at renderElement (C:\Users\USER\Downloads\website\node_modules\react-dom\cjs\react-dom-server-legacy.node.production.js:4334:14)
    at retryNode (C:\Users\USER\Downloads\website\node_modules\react-dom\cjs\react-dom-server-legacy.node.production.js:5040:16)
    at renderNodeDestructive (C:\Users\USER\Downloads\website\node_modules\react-dom\cjs\react-dom-server-legacy.node.production.js:4843:7)
    at renderNode (C:\Users\USER\Downloads\website\node_modules\react-dom\cjs\react-dom-server-legacy.node.production.js:5401:14)
    at renderElement (C:\Users\USER\Downloads\website\node_modules\react-dom\cjs\react-dom-server-legacy.node.production.js:4400:14)
    at retryNode (C:\Users\USER\Downloads\website\node_modules\react-dom\cjs\react-dom-server-legacy.node.production.js:5040:16)
    at renderNodeDestructive (C:\Users\USER\Downloads\website\node_modules\react-dom\cjs\react-dom-server-legacy.node.production.js:4843:7)
    at renderNode (C:\Users\USER\Downloads\website\node_modules\react-dom\cjs\react-dom-server-legacy.node.production.js:5401:14)[39m
[31mReferenceError: React is not defined
    at ErrorPage (file:///C:/Users/USER/Downloads/website/build/server/entries/src_pages_error.mjs:20:3)
    at renderWithHooks (C:\Users\USER\Downloads\website\node_modules\react-dom\cjs\react-dom-server-legacy.node.production.js:4196:18)
    at renderElement (C:\Users\USER\Downloads\website\node_modules\react-dom\cjs\react-dom-server-legacy.node.production.js:4334:14)
    at retryNode (C:\Users\USER\Downloads\website\node_modules\react-dom\cjs\react-dom-server-legacy.node.production.js:5040:16)
    at renderNodeDestructive (C:\Users\USER\Downloads\website\node_modules\react-dom\cjs\react-dom-server-legacy.node.production.js:4843:7)
    at renderNode (C:\Users\USER\Downloads\website\node_modules\react-dom\cjs\react-dom-server-legacy.node.production.js:5401:14)
    at renderElement (C:\Users\USER\Downloads\website\node_modules\react-dom\cjs\react-dom-server-legacy.node.production.js:4400:14)
    at retryNode (C:\Users\USER\Downloads\website\node_modules\react-dom\cjs\react-dom-server-legacy.node.production.js:5040:16)
    at renderNodeDestructive (C:\Users\USER\Downloads\website\node_modules\react-dom\cjs\react-dom-server-legacy.node.production.js:4843:7)
    at renderNode (C:\Users\USER\Downloads\website\node_modules\react-dom\cjs\react-dom-server-legacy.node.production.js:5401:14)[39m
[31mReferenceError: React is not defined
    at ErrorPage (file:///C:/Users/USER/Downloads/website/build/server/entries/src_pages_error.mjs:20:3)
    at renderWithHooks (C:\Users\USER\Downloads\website\node_modules\react-dom\cjs\react-dom-server-legacy.node.production.js:4196:18)
    at renderElement (C:\Users\USER\Downloads\website\node_modules\react-dom\cjs\react-dom-server-legacy.node.production.js:4334:14)
    at retryNode (C:\Users\USER\Downloads\website\node_modules\react-dom\cjs\react-dom-server-legacy.node.production.js:5040:16)
    at renderNodeDestructive (C:\Users\USER\Downloads\website\node_modules\react-dom\cjs\react-dom-server-legacy.node.production.js:4843:7)
    at renderNode (C:\Users\USER\Downloads\website\node_modules\react-dom\cjs\react-dom-server-legacy.node.production.js:5401:14)
    at renderElement (C:\Users\USER\Downloads\website\node_modules\react-dom\cjs\react-dom-server-legacy.node.production.js:4400:14)
    at retryNode (C:\Users\USER\Downloads\website\node_modules\react-dom\cjs\react-dom-server-legacy.node.production.js:5040:16)
    at renderNodeDestructive (C:\Users\USER\Downloads\website\node_modules\react-dom\cjs\react-dom-server-legacy.node.production.js:4843:7)
    at renderNode (C:\Users\USER\Downloads\website\node_modules\react-dom\cjs\react-dom-server-legacy.node.production.js:5401:14)[39m
[31mReferenceError: React is not defined
    at ErrorPage (file:///C:/Users/USER/Downloads/website/build/server/entries/src_pages_error.mjs:20:3)
    at renderWithHooks (C:\Users\USER\Downloads\website\node_modules\react-dom\cjs\react-dom-server-legacy.node.production.js:4196:18)
    at renderElement (C:\Users\USER\Downloads\website\node_modules\react-dom\cjs\react-dom-server-legacy.node.production.js:4334:14)
    at retryNode (C:\Users\USER\Downloads\website\node_modules\react-dom\cjs\react-dom-server-legacy.node.production.js:5040:16)
    at renderNodeDestructive (C:\Users\USER\Downloads\website\node_modules\react-dom\cjs\react-dom-server-legacy.node.production.js:4843:7)
    at renderNode (C:\Users\USER\Downloads\website\node_modules\react-dom\cjs\react-dom-server-legacy.node.production.js:5401:14)
    at renderElement (C:\Users\USER\Downloads\website\node_modules\react-dom\cjs\react-dom-server-legacy.node.production.js:4400:14)
    at retryNode (C:\Users\USER\Downloads\website\node_modules\react-dom\cjs\react-dom-server-legacy.node.production.js:5040:16)
    at renderNodeDestructive (C:\Users\USER\Downloads\website\node_modules\react-dom\cjs\react-dom-server-legacy.node.production.js:4843:7)
    at renderNode (C:\Users\USER\Downloads\website\node_modules\react-dom\cjs\react-dom-server-legacy.node.production.js:5401:14)[39m
[31mReferenceError: React is not defined
    at ErrorPage (file:///C:/Users/USER/Downloads/website/build/server/entries/src_pages_error.mjs:20:3)
    at renderWithHooks (C:\Users\USER\Downloads\website\node_modules\react-dom\cjs\react-dom-server-legacy.node.production.js:4196:18)
    at renderElement (C:\Users\USER\Downloads\website\node_modules\react-dom\cjs\react-dom-server-legacy.node.production.js:4334:14)
    at retryNode (C:\Users\USER\Downloads\website\node_modules\react-dom\cjs\react-dom-server-legacy.node.production.js:5040:16)
    at renderNodeDestructive (C:\Users\USER\Downloads\website\node_modules\react-dom\cjs\react-dom-server-legacy.node.production.js:4843:7)
    at renderNode (C:\Users\USER\Downloads\website\node_modules\react-dom\cjs\react-dom-server-legacy.node.production.js:5401:14)
    at renderElement (C:\Users\USER\Downloads\website\node_modules\react-dom\cjs\react-dom-server-legacy.node.production.js:4400:14)
    at retryNode (C:\Users\USER\Downloads\website\node_modules\react-dom\cjs\react-dom-server-legacy.node.production.js:5040:16)
    at renderNodeDestructive (C:\Users\USER\Downloads\website\node_modules\react-dom\cjs\react-dom-server-legacy.node.production.js:4843:7)
    at renderNode (C:\Users\USER\Downloads\website\node_modules\react-dom\cjs\react-dom-server-legacy.node.production.js:5401:14)[39m
[31mReferenceError: React is not defined
    at ErrorPage (file:///C:/Users/USER/Downloads/website/build/server/entries/src_pages_error.mjs:20:3)
    at renderWithHooks (C:\Users\USER\Downloads\website\node_modules\react-dom\cjs\react-dom-server-legacy.node.production.js:4196:18)
    at renderElement (C:\Users\USER\Downloads\website\node_modules\react-dom\cjs\react-dom-server-legacy.node.production.js:4334:14)
    at retryNode (C:\Users\USER\Downloads\website\node_modules\react-dom\cjs\react-dom-server-legacy.node.production.js:5040:16)
    at renderNodeDestructive (C:\Users\USER\Downloads\website\node_modules\react-dom\cjs\react-dom-server-legacy.node.production.js:4843:7)
    at renderNode (C:\Users\USER\Downloads\website\node_modules\react-dom\cjs\react-dom-server-legacy.node.production.js:5401:14)
    at renderElement (C:\Users\USER\Downloads\website\node_modules\react-dom\cjs\react-dom-server-legacy.node.production.js:4400:14)
    at retryNode (C:\Users\USER\Downloads\website\node_modules\react-dom\cjs\react-dom-server-legacy.node.production.js:5040:16)
    at renderNodeDestructive (C:\Users\USER\Downloads\website\node_modules\react-dom\cjs\react-dom-server-legacy.node.production.js:4843:7)
    at renderNode (C:\Users\USER\Downloads\website\node_modules\react-dom\cjs\react-dom-server-legacy.node.production.js:5401:14)[39m
[31mReferenceError: React is not defined
    at ErrorPage (file:///C:/Users/USER/Downloads/website/build/server/entries/src_pages_error.mjs:20:3)
    at renderWithHooks (C:\Users\USER\Downloads\website\node_modules\react-dom\cjs\react-dom-server-legacy.node.production.js:4196:18)
    at renderElement (C:\Users\USER\Downloads\website\node_modules\react-dom\cjs\react-dom-server-legacy.node.production.js:4334:14)
    at retryNode (C:\Users\USER\Downloads\website\node_modules\react-dom\cjs\react-dom-server-legacy.node.production.js:5040:16)
    at renderNodeDestructive (C:\Users\USER\Downloads\website\node_modules\react-dom\cjs\react-dom-server-legacy.node.production.js:4843:7)
    at renderNode (C:\Users\USER\Downloads\website\node_modules\react-dom\cjs\react-dom-server-legacy.node.production.js:5401:14)
    at renderElement (C:\Users\USER\Downloads\website\node_modules\react-dom\cjs\react-dom-server-legacy.node.production.js:4400:14)
    at retryNode (C:\Users\USER\Downloads\website\node_modules\react-dom\cjs\react-dom-server-legacy.node.production.js:5040:16)
    at renderNodeDestructive (C:\Users\USER\Downloads\website\node_modules\react-dom\cjs\react-dom-server-legacy.node.production.js:4843:7)
    at renderNode (C:\Users\USER\Downloads\website\node_modules\react-dom\cjs\react-dom-server-legacy.node.production.js:5401:14)[39m
[31mReferenceError: React is not defined
    at ErrorPage (file:///C:/Users/USER/Downloads/website/build/server/entries/src_pages_error.mjs:20:3)
    at renderWithHooks (C:\Users\USER\Downloads\website\node_modules\react-dom\cjs\react-dom-server-legacy.node.production.js:4196:18)
    at renderElement (C:\Users\USER\Downloads\website\node_modules\react-dom\cjs\react-dom-server-legacy.node.production.js:4334:14)
    at retryNode (C:\Users\USER\Downloads\website\node_modules\react-dom\cjs\react-dom-server-legacy.node.production.js:5040:16)
    at renderNodeDestructive (C:\Users\USER\Downloads\website\node_modules\react-dom\cjs\react-dom-server-legacy.node.production.js:4843:7)
    at renderNode (C:\Users\USER\Downloads\website\node_modules\react-dom\cjs\react-dom-server-legacy.node.production.js:5401:14)
    at renderElement (C:\Users\USER\Downloads\website\node_modules\react-dom\cjs\react-dom-server-legacy.node.production.js:4400:14)
    at retryNode (C:\Users\USER\Downloads\website\node_modules\react-dom\cjs\react-dom-server-legacy.node.production.js:5040:16)
    at renderNodeDestructive (C:\Users\USER\Downloads\website\node_modules\react-dom\cjs\react-dom-server-legacy.node.production.js:4843:7)
    at renderNode (C:\Users\USER\Downloads\website\node_modules\react-dom\cjs\react-dom-server-legacy.node.production.js:5401:14)[39m
[31mReferenceError: React is not defined
    at ErrorPage (file:///C:/Users/USER/Downloads/website/build/server/entries/src_pages_error.mjs:20:3)
    at renderWithHooks (C:\Users\USER\Downloads\website\node_modules\react-dom\cjs\react-dom-server-legacy.node.production.js:4196:18)
    at renderElement (C:\Users\USER\Downloads\website\node_modules\react-dom\cjs\react-dom-server-legacy.node.production.js:4334:14)
    at retryNode (C:\Users\USER\Downloads\website\node_modules\react-dom\cjs\react-dom-server-legacy.node.production.js:5040:16)
    at renderNodeDestructive (C:\Users\USER\Downloads\website\node_modules\react-dom\cjs\react-dom-server-legacy.node.production.js:4843:7)
    at renderNode (C:\Users\USER\Downloads\website\node_modules\react-dom\cjs\react-dom-server-legacy.node.production.js:5401:14)
    at renderElement (C:\Users\USER\Downloads\website\node_modules\react-dom\cjs\react-dom-server-legacy.node.production.js:4400:14)
    at retryNode (C:\Users\USER\Downloads\website\node_modules\react-dom\cjs\react-dom-server-legacy.node.production.js:5040:16)
    at renderNodeDestructive (C:\Users\USER\Downloads\website\node_modules\react-dom\cjs\react-dom-server-legacy.node.production.js:4843:7)
    at renderNode (C:\Users\USER\Downloads\website\node_modules\react-dom\cjs\react-dom-server-legacy.node.production.js:5401:14)[39m
[31mReferenceError: React is not defined
    at ErrorPage (file:///C:/Users/USER/Downloads/website/build/server/entries/src_pages_error.mjs:20:3)
    at renderWithHooks (C:\Users\USER\Downloads\website\node_modules\react-dom\cjs\react-dom-server-legacy.node.production.js:4196:18)
    at renderElement (C:\Users\USER\Downloads\website\node_modules\react-dom\cjs\react-dom-server-legacy.node.production.js:4334:14)
    at retryNode (C:\Users\USER\Downloads\website\node_modules\react-dom\cjs\react-dom-server-legacy.node.production.js:5040:16)
    at renderNodeDestructive (C:\Users\USER\Downloads\website\node_modules\react-dom\cjs\react-dom-server-legacy.node.production.js:4843:7)
    at renderNode (C:\Users\USER\Downloads\website\node_modules\react-dom\cjs\react-dom-server-legacy.node.production.js:5401:14)
    at renderElement (C:\Users\USER\Downloads\website\node_modules\react-dom\cjs\react-dom-server-legacy.node.production.js:4400:14)
    at retryNode (C:\Users\USER\Downloads\website\node_modules\react-dom\cjs\react-dom-server-legacy.node.production.js:5040:16)
    at renderNodeDestructive (C:\Users\USER\Downloads\website\node_modules\react-dom\cjs\react-dom-server-legacy.node.production.js:4843:7)
    at renderNode (C:\Users\USER\Downloads\website\node_modules\react-dom\cjs\react-dom-server-legacy.node.production.js:5401:14)[39m
[31mReferenceError: React is not defined
    at ErrorPage (file:///C:/Users/USER/Downloads/website/build/server/entries/src_pages_error.mjs:20:3)
    at renderWithHooks (C:\Users\USER\Downloads\website\node_modules\react-dom\cjs\react-dom-server-legacy.node.production.js:4196:18)
    at renderElement (C:\Users\USER\Downloads\website\node_modules\react-dom\cjs\react-dom-server-legacy.node.production.js:4334:14)
    at retryNode (C:\Users\USER\Downloads\website\node_modules\react-dom\cjs\react-dom-server-legacy.node.production.js:5040:16)
    at renderNodeDestructive (C:\Users\USER\Downloads\website\node_modules\react-dom\cjs\react-dom-server-legacy.node.production.js:4843:7)
    at renderNode (C:\Users\USER\Downloads\website\node_modules\react-dom\cjs\react-dom-server-legacy.node.production.js:5401:14)
    at renderElement (C:\Users\USER\Downloads\website\node_modules\react-dom\cjs\react-dom-server-legacy.node.production.js:4400:14)
    at retryNode (C:\Users\USER\Downloads\website\node_modules\react-dom\cjs\react-dom-server-legacy.node.production.js:5040:16)
    at renderNodeDestructive (C:\Users\USER\Downloads\website\node_modules\react-dom\cjs\react-dom-server-legacy.node.production.js:4843:7)
    at renderNode (C:\Users\USER\Downloads\website\node_modules\react-dom\cjs\react-dom-server-legacy.node.production.js:5401:14)[39m
[31mReferenceError: React is not defined
    at ErrorPage (file:///C:/Users/USER/Downloads/website/build/server/entries/src_pages_error.mjs:20:3)
    at renderWithHooks (C:\Users\USER\Downloads\website\node_modules\react-dom\cjs\react-dom-server-legacy.node.production.js:4196:18)
    at renderElement (C:\Users\USER\Downloads\website\node_modules\react-dom\cjs\react-dom-server-legacy.node.production.js:4334:14)
    at retryNode (C:\Users\USER\Downloads\website\node_modules\react-dom\cjs\react-dom-server-legacy.node.production.js:5040:16)
    at renderNodeDestructive (C:\Users\USER\Downloads\website\node_modules\react-dom\cjs\react-dom-server-legacy.node.production.js:4843:7)
    at renderNode (C:\Users\USER\Downloads\website\node_modules\react-dom\cjs\react-dom-server-legacy.node.production.js:5401:14)
    at renderElement (C:\Users\USER\Downloads\website\node_modules\react-dom\cjs\react-dom-server-legacy.node.production.js:4400:14)
    at retryNode (C:\Users\USER\Downloads\website\node_modules\react-dom\cjs\react-dom-server-legacy.node.production.js:5040:16)
    at renderNodeDestructive (C:\Users\USER\Downloads\website\node_modules\react-dom\cjs\react-dom-server-legacy.node.production.js:4843:7)
    at renderNode (C:\Users\USER\Downloads\website\node_modules\react-dom\cjs\react-dom-server-legacy.node.production.js:5401:14)[39m
[31mReferenceError: React is not defined
    at ErrorPage (file:///C:/Users/USER/Downloads/website/build/server/entries/src_pages_error.mjs:20:3)
    at renderWithHooks (C:\Users\USER\Downloads\website\node_modules\react-dom\cjs\react-dom-server-legacy.node.production.js:4196:18)
    at renderElement (C:\Users\USER\Downloads\website\node_modules\react-dom\cjs\react-dom-server-legacy.node.production.js:4334:14)
    at retryNode (C:\Users\USER\Downloads\website\node_modules\react-dom\cjs\react-dom-server-legacy.node.production.js:5040:16)
    at renderNodeDestructive (C:\Users\USER\Downloads\website\node_modules\react-dom\cjs\react-dom-server-legacy.node.production.js:4843:7)
    at renderNode (C:\Users\USER\Downloads\website\node_modules\react-dom\cjs\react-dom-server-legacy.node.production.js:5401:14)
    at renderElement (C:\Users\USER\Downloads\website\node_modules\react-dom\cjs\react-dom-server-legacy.node.production.js:4400:14)
    at retryNode (C:\Users\USER\Downloads\website\node_modules\react-dom\cjs\react-dom-server-legacy.node.production.js:5040:16)
    at renderNodeDestructive (C:\Users\USER\Downloads\website\node_modules\react-dom\cjs\react-dom-server-legacy.node.production.js:4843:7)
    at renderNode (C:\Users\USER\Downloads\website\node_modules\react-dom\cjs\react-dom-server-legacy.node.production.js:5401:14)[39m
[31mReferenceError: React is not defined
    at ErrorPage (file:///C:/Users/USER/Downloads/website/build/server/entries/src_pages_error.mjs:20:3)
    at renderWithHooks (C:\Users\USER\Downloads\website\node_modules\react-dom\cjs\react-dom-server-legacy.node.production.js:4196:18)
    at renderElement (C:\Users\USER\Downloads\website\node_modules\react-dom\cjs\react-dom-server-legacy.node.production.js:4334:14)
    at retryNode (C:\Users\USER\Downloads\website\node_modules\react-dom\cjs\react-dom-server-legacy.node.production.js:5040:16)
    at renderNodeDestructive (C:\Users\USER\Downloads\website\node_modules\react-dom\cjs\react-dom-server-legacy.node.production.js:4843:7)
    at renderNode (C:\Users\USER\Downloads\website\node_modules\react-dom\cjs\react-dom-server-legacy.node.production.js:5401:14)
    at renderElement (C:\Users\USER\Downloads\website\node_modules\react-dom\cjs\react-dom-server-legacy.node.production.js:4400:14)
    at retryNode (C:\Users\USER\Downloads\website\node_modules\react-dom\cjs\react-dom-server-legacy.node.production.js:5040:16)
    at renderNodeDestructive (C:\Users\USER\Downloads\website\node_modules\react-dom\cjs\react-dom-server-legacy.node.production.js:4843:7)
    at renderNode (C:\Users\USER\Downloads\website\node_modules\react-dom\cjs\react-dom-server-legacy.node.production.js:5401:14)[39m
[31mReferenceError: React is not defined
    at ErrorPage (file:///C:/Users/USER/Downloads/website/build/server/entries/src_pages_error.mjs:20:3)
    at renderWithHooks (C:\Users\USER\Downloads\website\node_modules\react-dom\cjs\react-dom-server-legacy.node.production.js:4196:18)
    at renderElement (C:\Users\USER\Downloads\website\node_modules\react-dom\cjs\react-dom-server-legacy.node.production.js:4334:14)
    at retryNode (C:\Users\USER\Downloads\website\node_modules\react-dom\cjs\react-dom-server-legacy.node.production.js:5040:16)
    at renderNodeDestructive (C:\Users\USER\Downloads\website\node_modules\react-dom\cjs\react-dom-server-legacy.node.production.js:4843:7)
    at renderNode (C:\Users\USER\Downloads\website\node_modules\react-dom\cjs\react-dom-server-legacy.node.production.js:5401:14)
    at renderElement (C:\Users\USER\Downloads\website\node_modules\react-dom\cjs\react-dom-server-legacy.node.production.js:4400:14)
    at retryNode (C:\Users\USER\Downloads\website\node_modules\react-dom\cjs\react-dom-server-legacy.node.production.js:5040:16)
    at renderNodeDestructive (C:\Users\USER\Downloads\website\node_modules\react-dom\cjs\react-dom-server-legacy.node.production.js:4843:7)
    at renderNode (C:\Users\USER\Downloads\website\node_modules\react-dom\cjs\react-dom-server-legacy.node.production.js:5401:14)[39m
[31mReferenceError: React is not defined
    at ErrorPage (file:///C:/Users/USER/Downloads/website/build/server/entries/src_pages_error.mjs:20:3)
    at renderWithHooks (C:\Users\USER\Downloads\website\node_modules\react-dom\cjs\react-dom-server-legacy.node.production.js:4196:18)
    at renderElement (C:\Users\USER\Downloads\website\node_modules\react-dom\cjs\react-dom-server-legacy.node.production.js:4334:14)
    at retryNode (C:\Users\USER\Downloads\website\node_modules\react-dom\cjs\react-dom-server-legacy.node.production.js:5040:16)
    at renderNodeDestructive (C:\Users\USER\Downloads\website\node_modules\react-dom\cjs\react-dom-server-legacy.node.production.js:4843:7)
    at renderNode (C:\Users\USER\Downloads\website\node_modules\react-dom\cjs\react-dom-server-legacy.node.production.js:5401:14)
    at renderElement (C:\Users\USER\Downloads\website\node_modules\react-dom\cjs\react-dom-server-legacy.node.production.js:4400:14)
    at retryNode (C:\Users\USER\Downloads\website\node_modules\react-dom\cjs\react-dom-server-legacy.node.production.js:5040:16)
    at renderNodeDestructive (C:\Users\USER\Downloads\website\node_modules\react-dom\cjs\react-dom-server-legacy.node.production.js:4843:7)
    at renderNode (C:\Users\USER\Downloads\website\node_modules\react-dom\cjs\react-dom-server-legacy.node.production.js:5401:14)[39m
[31mReferenceError: React is not defined
    at ErrorPage (file:///C:/Users/USER/Downloads/website/build/server/entries/src_pages_error.mjs:20:3)
    at renderWithHooks (C:\Users\USER\Downloads\website\node_modules\react-dom\cjs\react-dom-server-legacy.node.production.js:4196:18)
    at renderElement (C:\Users\USER\Downloads\website\node_modules\react-dom\cjs\react-dom-server-legacy.node.production.js:4334:14)
    at retryNode (C:\Users\USER\Downloads\website\node_modules\react-dom\cjs\react-dom-server-legacy.node.production.js:5040:16)
    at renderNodeDestructive (C:\Users\USER\Downloads\website\node_modules\react-dom\cjs\react-dom-server-legacy.node.production.js:4843:7)
    at renderNode (C:\Users\USER\Downloads\website\node_modules\react-dom\cjs\react-dom-server-legacy.node.production.js:5401:14)
    at renderElement (C:\Users\USER\Downloads\website\node_modules\react-dom\cjs\react-dom-server-legacy.node.production.js:4400:14)
    at retryNode (C:\Users\USER\Downloads\website\node_modules\react-dom\cjs\react-dom-server-legacy.node.production.js:5040:16)
    at renderNodeDestructive (C:\Users\USER\Downloads\website\node_modules\react-dom\cjs\react-dom-server-legacy.node.production.js:4843:7)
    at renderNode (C:\Users\USER\Downloads\website\node_modules\react-dom\cjs\react-dom-server-legacy.node.production.js:5401:14)[39m
[31mReferenceError: React is not defined
    at ErrorPage (file:///C:/Users/USER/Downloads/website/build/server/entries/src_pages_error.mjs:20:3)
    at renderWithHooks (C:\Users\USER\Downloads\website\node_modules\react-dom\cjs\react-dom-server-legacy.node.production.js:4196:18)
    at renderElement (C:\Users\USER\Downloads\website\node_modules\react-dom\cjs\react-dom-server-legacy.node.production.js:4334:14)
    at retryNode (C:\Users\USER\Downloads\website\node_modules\react-dom\cjs\react-dom-server-legacy.node.production.js:5040:16)
    at renderNodeDestructive (C:\Users\USER\Downloads\website\node_modules\react-dom\cjs\react-dom-server-legacy.node.production.js:4843:7)
    at renderNode (C:\Users\USER\Downloads\website\node_modules\react-dom\cjs\react-dom-server-legacy.node.production.js:5401:14)
    at renderElement (C:\Users\USER\Downloads\website\node_modules\react-dom\cjs\react-dom-server-legacy.node.production.js:4400:14)
    at retryNode (C:\Users\USER\Downloads\website\node_modules\react-dom\cjs\react-dom-server-legacy.node.production.js:5040:16)
    at renderNodeDestructive (C:\Users\USER\Downloads\website\node_modules\react-dom\cjs\react-dom-server-legacy.node.production.js:4843:7)
    at renderNode (C:\Users\USER\Downloads\website\node_modules\react-dom\cjs\react-dom-server-legacy.node.production.js:5401:14)[39m
[31mReferenceError: React is not defined
    at ErrorPage (file:///C:/Users/USER/Downloads/website/build/server/entries/src_pages_error.mjs:20:3)
    at renderWithHooks (C:\Users\USER\Downloads\website\node_modules\react-dom\cjs\react-dom-server-legacy.node.production.js:4196:18)
    at renderElement (C:\Users\USER\Downloads\website\node_modules\react-dom\cjs\react-dom-server-legacy.node.production.js:4334:14)
    at retryNode (C:\Users\USER\Downloads\website\node_modules\react-dom\cjs\react-dom-server-legacy.node.production.js:5040:16)
    at renderNodeDestructive (C:\Users\USER\Downloads\website\node_modules\react-dom\cjs\react-dom-server-legacy.node.production.js:4843:7)
    at renderNode (C:\Users\USER\Downloads\website\node_modules\react-dom\cjs\react-dom-server-legacy.node.production.js:5401:14)
    at renderElement (C:\Users\USER\Downloads\website\node_modules\react-dom\cjs\react-dom-server-legacy.node.production.js:4400:14)
    at retryNode (C:\Users\USER\Downloads\website\node_modules\react-dom\cjs\react-dom-server-legacy.node.production.js:5040:16)
    at renderNodeDestructive (C:\Users\USER\Downloads\website\node_modules\react-dom\cjs\react-dom-server-legacy.node.production.js:4843:7)
    at renderNode (C:\Users\USER\Downloads\website\node_modules\react-dom\cjs\react-dom-server-legacy.node.production.js:5401:14)[39m
[31mReferenceError: React is not defined
    at ErrorPage (file:///C:/Users/USER/Downloads/website/build/server/entries/src_pages_error.mjs:20:3)
    at renderWithHooks (C:\Users\USER\Downloads\website\node_modules\react-dom\cjs\react-dom-server-legacy.node.production.js:4196:18)
    at renderElement (C:\Users\USER\Downloads\website\node_modules\react-dom\cjs\react-dom-server-legacy.node.production.js:4334:14)
    at retryNode (C:\Users\USER\Downloads\website\node_modules\react-dom\cjs\react-dom-server-legacy.node.production.js:5040:16)
    at renderNodeDestructive (C:\Users\USER\Downloads\website\node_modules\react-dom\cjs\react-dom-server-legacy.node.production.js:4843:7)
    at renderNode (C:\Users\USER\Downloads\website\node_modules\react-dom\cjs\react-dom-server-legacy.node.production.js:5401:14)
    at renderElement (C:\Users\USER\Downloads\website\node_modules\react-dom\cjs\react-dom-server-legacy.node.production.js:4400:14)
    at retryNode (C:\Users\USER\Downloads\website\node_modules\react-dom\cjs\react-dom-server-legacy.node.production.js:5040:16)
    at renderNodeDestructive (C:\Users\USER\Downloads\website\node_modules\react-dom\cjs\react-dom-server-legacy.node.production.js:4843:7)
    at renderNode (C:\Users\USER\Downloads\website\node_modules\react-dom\cjs\react-dom-server-legacy.node.production.js:5401:14)[39m
[31mReferenceError: React is not defined
    at ErrorPage (file:///C:/Users/USER/Downloads/website/build/server/entries/src_pages_error.mjs:20:3)
    at renderWithHooks (C:\Users\USER\Downloads\website\node_modules\react-dom\cjs\react-dom-server-legacy.node.production.js:4196:18)
    at renderElement (C:\Users\USER\Downloads\website\node_modules\react-dom\cjs\react-dom-server-legacy.node.production.js:4334:14)
    at retryNode (C:\Users\USER\Downloads\website\node_modules\react-dom\cjs\react-dom-server-legacy.node.production.js:5040:16)
    at renderNodeDestructive (C:\Users\USER\Downloads\website\node_modules\react-dom\cjs\react-dom-server-legacy.node.production.js:4843:7)
    at renderNode (C:\Users\USER\Downloads\website\node_modules\react-dom\cjs\react-dom-server-legacy.node.production.js:5401:14)
    at renderElement (C:\Users\USER\Downloads\website\node_modules\react-dom\cjs\react-dom-server-legacy.node.production.js:4400:14)
    at retryNode (C:\Users\USER\Downloads\website\node_modules\react-dom\cjs\react-dom-server-legacy.node.production.js:5040:16)
    at renderNodeDestructive (C:\Users\USER\Downloads\website\node_modules\react-dom\cjs\react-dom-server-legacy.node.production.js:4843:7)
    at renderNode (C:\Users\USER\Downloads\website\node_modules\react-dom\cjs\react-dom-server-legacy.node.production.js:5401:14)[39m
[31mReferenceError: React is not defined
    at ErrorPage (file:///C:/Users/USER/Downloads/website/build/server/entries/src_pages_error.mjs:20:3)
    at renderWithHooks (C:\Users\USER\Downloads\website\node_modules\react-dom\cjs\react-dom-server-legacy.node.production.js:4196:18)
    at renderElement (C:\Users\USER\Downloads\website\node_modules\react-dom\cjs\react-dom-server-legacy.node.production.js:4334:14)
    at retryNode (C:\Users\USER\Downloads\website\node_modules\react-dom\cjs\react-dom-server-legacy.node.production.js:5040:16)
    at renderNodeDestructive (C:\Users\USER\Downloads\website\node_modules\react-dom\cjs\react-dom-server-legacy.node.production.js:4843:7)
    at renderNode (C:\Users\USER\Downloads\website\node_modules\react-dom\cjs\react-dom-server-legacy.node.production.js:5401:14)
    at renderElement (C:\Users\USER\Downloads\website\node_modules\react-dom\cjs\react-dom-server-legacy.node.production.js:4400:14)
    at retryNode (C:\Users\USER\Downloads\website\node_modules\react-dom\cjs\react-dom-server-legacy.node.production.js:5040:16)
    at renderNodeDestructive (C:\Users\USER\Downloads\website\node_modules\react-dom\cjs\react-dom-server-legacy.node.production.js:4843:7)
    at renderNode (C:\Users\USER\Downloads\website\node_modules\react-dom\cjs\react-dom-server-legacy.node.production.js:5401:14)[39m
[31mReferenceError: React is not defined
    at ErrorPage (file:///C:/Users/USER/Downloads/website/build/server/entries/src_pages_error.mjs:20:3)
    at renderWithHooks (C:\Users\USER\Downloads\website\node_modules\react-dom\cjs\react-dom-server-legacy.node.production.js:4196:18)
    at renderElement (C:\Users\USER\Downloads\website\node_modules\react-dom\cjs\react-dom-server-legacy.node.production.js:4334:14)
    at retryNode (C:\Users\USER\Downloads\website\node_modules\react-dom\cjs\react-dom-server-legacy.node.production.js:5040:16)
    at renderNodeDestructive (C:\Users\USER\Downloads\website\node_modules\react-dom\cjs\react-dom-server-legacy.node.production.js:4843:7)
    at renderNode (C:\Users\USER\Downloads\website\node_modules\react-dom\cjs\react-dom-server-legacy.node.production.js:5401:14)
    at renderElement (C:\Users\USER\Downloads\website\node_modules\react-dom\cjs\react-dom-server-legacy.node.production.js:4400:14)
    at retryNode (C:\Users\USER\Downloads\website\node_modules\react-dom\cjs\react-dom-server-legacy.node.production.js:5040:16)
    at renderNodeDestructive (C:\Users\USER\Downloads\website\node_modules\react-dom\cjs\react-dom-server-legacy.node.production.js:4843:7)
    at renderNode (C:\Users\USER\Downloads\website\node_modules\react-dom\cjs\react-dom-server-legacy.node.production.js:5401:14)[39m
[31mReferenceError: React is not defined
    at ErrorPage (file:///C:/Users/USER/Downloads/website/build/server/entries/src_pages_error.mjs:20:3)
    at renderWithHooks (C:\Users\USER\Downloads\website\node_modules\react-dom\cjs\react-dom-server-legacy.node.production.js:4196:18)
    at renderElement (C:\Users\USER\Downloads\website\node_modules\react-dom\cjs\react-dom-server-legacy.node.production.js:4334:14)
    at retryNode (C:\Users\USER\Downloads\website\node_modules\react-dom\cjs\react-dom-server-legacy.node.production.js:5040:16)
    at renderNodeDestructive (C:\Users\USER\Downloads\website\node_modules\react-dom\cjs\react-dom-server-legacy.node.production.js:4843:7)
    at renderNode (C:\Users\USER\Downloads\website\node_modules\react-dom\cjs\react-dom-server-legacy.node.production.js:5401:14)
    at renderElement (C:\Users\USER\Downloads\website\node_modules\react-dom\cjs\react-dom-server-legacy.node.production.js:4400:14)
    at retryNode (C:\Users\USER\Downloads\website\node_modules\react-dom\cjs\react-dom-server-legacy.node.production.js:5040:16)
    at renderNodeDestructive (C:\Users\USER\Downloads\website\node_modules\react-dom\cjs\react-dom-server-legacy.node.production.js:4843:7)
    at renderNode (C:\Users\USER\Downloads\website\node_modules\react-dom\cjs\react-dom-server-legacy.node.production.js:5401:14)[39m
[31mReferenceError: React is not defined
    at ErrorPage (file:///C:/Users/USER/Downloads/website/build/server/entries/src_pages_error.mjs:20:3)
    at renderWithHooks (C:\Users\USER\Downloads\website\node_modules\react-dom\cjs\react-dom-server-legacy.node.production.js:4196:18)
    at renderElement (C:\Users\USER\Downloads\website\node_modules\react-dom\cjs\react-dom-server-legacy.node.production.js:4334:14)
    at retryNode (C:\Users\USER\Downloads\website\node_modules\react-dom\cjs\react-dom-server-legacy.node.production.js:5040:16)
    at renderNodeDestructive (C:\Users\USER\Downloads\website\node_modules\react-dom\cjs\react-dom-server-legacy.node.production.js:4843:7)
    at renderNode (C:\Users\USER\Downloads\website\node_modules\react-dom\cjs\react-dom-server-legacy.node.production.js:5401:14)
    at renderElement (C:\Users\USER\Downloads\website\node_modules\react-dom\cjs\react-dom-server-legacy.node.production.js:4400:14)
    at retryNode (C:\Users\USER\Downloads\website\node_modules\react-dom\cjs\react-dom-server-legacy.node.production.js:5040:16)
    at renderNodeDestructive (C:\Users\USER\Downloads\website\node_modules\react-dom\cjs\react-dom-server-legacy.node.production.js:4843:7)
    at renderNode (C:\Users\USER\Downloads\website\node_modules\react-dom\cjs\react-dom-server-legacy.node.production.js:5401:14)[39m
[31mReferenceError: React is not defined
    at ErrorPage (file:///C:/Users/USER/Downloads/website/build/server/entries/src_pages_error.mjs:20:3)
    at renderWithHooks (C:\Users\USER\Downloads\website\node_modules\react-dom\cjs\react-dom-server-legacy.node.production.js:4196:18)
    at renderElement (C:\Users\USER\Downloads\website\node_modules\react-dom\cjs\react-dom-server-legacy.node.production.js:4334:14)
    at retryNode (C:\Users\USER\Downloads\website\node_modules\react-dom\cjs\react-dom-server-legacy.node.production.js:5040:16)
    at renderNodeDestructive (C:\Users\USER\Downloads\website\node_modules\react-dom\cjs\react-dom-server-legacy.node.production.js:4843:7)
    at renderNode (C:\Users\USER\Downloads\website\node_modules\react-dom\cjs\react-dom-server-legacy.node.production.js:5401:14)
    at renderElement (C:\Users\USER\Downloads\website\node_modules\react-dom\cjs\react-dom-server-legacy.node.production.js:4400:14)
    at retryNode (C:\Users\USER\Downloads\website\node_modules\react-dom\cjs\react-dom-server-legacy.node.production.js:5040:16)
    at renderNodeDestructive (C:\Users\USER\Downloads\website\node_modules\react-dom\cjs\react-dom-server-legacy.node.production.js:4843:7)
    at renderNode (C:\Users\USER\Downloads\website\node_modules\react-dom\cjs\react-dom-server-legacy.node.production.js:5401:14)[39m
[31mReferenceError: React is not defined
    at ErrorPage (file:///C:/Users/USER/Downloads/website/build/server/entries/src_pages_error.mjs:20:3)
    at renderWithHooks (C:\Users\USER\Downloads\website\node_modules\react-dom\cjs\react-dom-server-legacy.node.production.js:4196:18)
    at renderElement (C:\Users\USER\Downloads\website\node_modules\react-dom\cjs\react-dom-server-legacy.node.production.js:4334:14)
    at retryNode (C:\Users\USER\Downloads\website\node_modules\react-dom\cjs\react-dom-server-legacy.node.production.js:5040:16)
    at renderNodeDestructive (C:\Users\USER\Downloads\website\node_modules\react-dom\cjs\react-dom-server-legacy.node.production.js:4843:7)
    at renderNode (C:\Users\USER\Downloads\website\node_modules\react-dom\cjs\react-dom-server-legacy.node.production.js:5401:14)
    at renderElement (C:\Users\USER\Downloads\website\node_modules\react-dom\cjs\react-dom-server-legacy.node.production.js:4400:14)
    at retryNode (C:\Users\USER\Downloads\website\node_modules\react-dom\cjs\react-dom-server-legacy.node.production.js:5040:16)
    at renderNodeDestructive (C:\Users\USER\Downloads\website\node_modules\react-dom\cjs\react-dom-server-legacy.node.production.js:4843:7)
    at renderNode (C:\Users\USER\Downloads\website\node_modules\react-dom\cjs\react-dom-server-legacy.node.production.js:5401:14)[39m
[31mReferenceError: React is not defined
    at ErrorPage (file:///C:/Users/USER/Downloads/website/build/server/entries/src_pages_error.mjs:20:3)
    at renderWithHooks (C:\Users\USER\Downloads\website\node_modules\react-dom\cjs\react-dom-server-legacy.node.production.js:4196:18)
    at renderElement (C:\Users\USER\Downloads\website\node_modules\react-dom\cjs\react-dom-server-legacy.node.production.js:4334:14)
    at retryNode (C:\Users\USER\Downloads\website\node_modules\react-dom\cjs\react-dom-server-legacy.node.production.js:5040:16)
    at renderNodeDestructive (C:\Users\USER\Downloads\website\node_modules\react-dom\cjs\react-dom-server-legacy.node.production.js:4843:7)
    at renderNode (C:\Users\USER\Downloads\website\node_modules\react-dom\cjs\react-dom-server-legacy.node.production.js:5401:14)
    at renderElement (C:\Users\USER\Downloads\website\node_modules\react-dom\cjs\react-dom-server-legacy.node.production.js:4400:14)
    at retryNode (C:\Users\USER\Downloads\website\node_modules\react-dom\cjs\react-dom-server-legacy.node.production.js:5040:16)
    at renderNodeDestructive (C:\Users\USER\Downloads\website\node_modules\react-dom\cjs\react-dom-server-legacy.node.production.js:4843:7)
    at renderNode (C:\Users\USER\Downloads\website\node_modules\react-dom\cjs\react-dom-server-legacy.node.production.js:5401:14)[39m
[31mReferenceError: React is not defined
    at ErrorPage (file:///C:/Users/USER/Downloads/website/build/server/entries/src_pages_error.mjs:20:3)
    at renderWithHooks (C:\Users\USER\Downloads\website\node_modules\react-dom\cjs\react-dom-server-legacy.node.production.js:4196:18)
    at renderElement (C:\Users\USER\Downloads\website\node_modules\react-dom\cjs\react-dom-server-legacy.node.production.js:4334:14)
    at retryNode (C:\Users\USER\Downloads\website\node_modules\react-dom\cjs\react-dom-server-legacy.node.production.js:5040:16)
    at renderNodeDestructive (C:\Users\USER\Downloads\website\node_modules\react-dom\cjs\react-dom-server-legacy.node.production.js:4843:7)
    at renderNode (C:\Users\USER\Downloads\website\node_modules\react-dom\cjs\react-dom-server-legacy.node.production.js:5401:14)
    at renderElement (C:\Users\USER\Downloads\website\node_modules\react-dom\cjs\react-dom-server-legacy.node.production.js:4400:14)
    at retryNode (C:\Users\USER\Downloads\website\node_modules\react-dom\cjs\react-dom-server-legacy.node.production.js:5040:16)
    at renderNodeDestructive (C:\Users\USER\Downloads\website\node_modules\react-dom\cjs\react-dom-server-legacy.node.production.js:4843:7)
    at renderNode (C:\Users\USER\Downloads\website\node_modules\react-dom\cjs\react-dom-server-legacy.node.production.js:5401:14)[39m
[31mReferenceError: React is not defined
    at ErrorPage (file:///C:/Users/USER/Downloads/website/build/server/entries/src_pages_error.mjs:20:3)
    at renderWithHooks (C:\Users\USER\Downloads\website\node_modules\react-dom\cjs\react-dom-server-legacy.node.production.js:4196:18)
    at renderElement (C:\Users\USER\Downloads\website\node_modules\react-dom\cjs\react-dom-server-legacy.node.production.js:4334:14)
    at retryNode (C:\Users\USER\Downloads\website\node_modules\react-dom\cjs\react-dom-server-legacy.node.production.js:5040:16)
    at renderNodeDestructive (C:\Users\USER\Downloads\website\node_modules\react-dom\cjs\react-dom-server-legacy.node.production.js:4843:7)
    at renderNode (C:\Users\USER\Downloads\website\node_modules\react-dom\cjs\react-dom-server-legacy.node.production.js:5401:14)
    at renderElement (C:\Users\USER\Downloads\website\node_modules\react-dom\cjs\react-dom-server-legacy.node.production.js:4400:14)
    at retryNode (C:\Users\USER\Downloads\website\node_modules\react-dom\cjs\react-dom-server-legacy.node.production.js:5040:16)
    at renderNodeDestructive (C:\Users\USER\Downloads\website\node_modules\react-dom\cjs\react-dom-server-legacy.node.production.js:4843:7)
    at renderNode (C:\Users\USER\Downloads\website\node_modules\react-dom\cjs\react-dom-server-legacy.node.production.js:5401:14)[39m
[31mReferenceError: React is not defined
    at ErrorPage (file:///C:/Users/USER/Downloads/website/build/server/entries/src_pages_error.mjs:20:3)
    at renderWithHooks (C:\Users\USER\Downloads\website\node_modules\react-dom\cjs\react-dom-server-legacy.node.production.js:4196:18)
    at renderElement (C:\Users\USER\Downloads\website\node_modules\react-dom\cjs\react-dom-server-legacy.node.production.js:4334:14)
    at retryNode (C:\Users\USER\Downloads\website\node_modules\react-dom\cjs\react-dom-server-legacy.node.production.js:5040:16)
    at renderNodeDestructive (C:\Users\USER\Downloads\website\node_modules\react-dom\cjs\react-dom-server-legacy.node.production.js:4843:7)
    at renderNode (C:\Users\USER\Downloads\website\node_modules\react-dom\cjs\react-dom-server-legacy.node.production.js:5401:14)
    at renderElement (C:\Users\USER\Downloads\website\node_modules\react-dom\cjs\react-dom-server-legacy.node.production.js:4400:14)
    at retryNode (C:\Users\USER\Downloads\website\node_modules\react-dom\cjs\react-dom-server-legacy.node.production.js:5040:16)
    at renderNodeDestructive (C:\Users\USER\Downloads\website\node_modules\react-dom\cjs\react-dom-server-legacy.node.production.js:4843:7)
    at renderNode (C:\Users\USER\Downloads\website\node_modules\react-dom\cjs\react-dom-server-legacy.node.production.js:5401:14)[39m
[31mReferenceError: React is not defined
    at ErrorPage (file:///C:/Users/USER/Downloads/website/build/server/entries/src_pages_error.mjs:20:3)
    at renderWithHooks (C:\Users\USER\Downloads\website\node_modules\react-dom\cjs\react-dom-server-legacy.node.production.js:4196:18)
    at renderElement (C:\Users\USER\Downloads\website\node_modules\react-dom\cjs\react-dom-server-legacy.node.production.js:4334:14)
    at retryNode (C:\Users\USER\Downloads\website\node_modules\react-dom\cjs\react-dom-server-legacy.node.production.js:5040:16)
    at renderNodeDestructive (C:\Users\USER\Downloads\website\node_modules\react-dom\cjs\react-dom-server-legacy.node.production.js:4843:7)
    at renderNode (C:\Users\USER\Downloads\website\node_modules\react-dom\cjs\react-dom-server-legacy.node.production.js:5401:14)
    at renderElement (C:\Users\USER\Downloads\website\node_modules\react-dom\cjs\react-dom-server-legacy.node.production.js:4400:14)
    at retryNode (C:\Users\USER\Downloads\website\node_modules\react-dom\cjs\react-dom-server-legacy.node.production.js:5040:16)
    at renderNodeDestructive (C:\Users\USER\Downloads\website\node_modules\react-dom\cjs\react-dom-server-legacy.node.production.js:4843:7)
    at renderNode (C:\Users\USER\Downloads\website\node_modules\react-dom\cjs\react-dom-server-legacy.node.production.js:5401:14)[39m
[31mReferenceError: React is not defined
    at ErrorPage (file:///C:/Users/USER/Downloads/website/build/server/entries/src_pages_error.mjs:20:3)
    at renderWithHooks (C:\Users\USER\Downloads\website\node_modules\react-dom\cjs\react-dom-server-legacy.node.production.js:4196:18)
    at renderElement (C:\Users\USER\Downloads\website\node_modules\react-dom\cjs\react-dom-server-legacy.node.production.js:4334:14)
    at retryNode (C:\Users\USER\Downloads\website\node_modules\react-dom\cjs\react-dom-server-legacy.node.production.js:5040:16)
    at renderNodeDestructive (C:\Users\USER\Downloads\website\node_modules\react-dom\cjs\react-dom-server-legacy.node.production.js:4843:7)
    at renderNode (C:\Users\USER\Downloads\website\node_modules\react-dom\cjs\react-dom-server-legacy.node.production.js:5401:14)
    at renderElement (C:\Users\USER\Downloads\website\node_modules\react-dom\cjs\react-dom-server-legacy.node.production.js:4400:14)
    at retryNode (C:\Users\USER\Downloads\website\node_modules\react-dom\cjs\react-dom-server-legacy.node.production.js:5040:16)
    at renderNodeDestructive (C:\Users\USER\Downloads\website\node_modules\react-dom\cjs\react-dom-server-legacy.node.production.js:4843:7)
    at renderNode (C:\Users\USER\Downloads\website\node_modules\react-dom\cjs\react-dom-server-legacy.node.production.js:5401:14)[39m
[31mReferenceError: React is not defined
    at ErrorPage (file:///C:/Users/USER/Downloads/website/build/server/entries/src_pages_error.mjs:20:3)
    at renderWithHooks (C:\Users\USER\Downloads\website\node_modules\react-dom\cjs\react-dom-server-legacy.node.production.js:4196:18)
    at renderElement (C:\Users\USER\Downloads\website\node_modules\react-dom\cjs\react-dom-server-legacy.node.production.js:4334:14)
    at retryNode (C:\Users\USER\Downloads\website\node_modules\react-dom\cjs\react-dom-server-legacy.node.production.js:5040:16)
    at renderNodeDestructive (C:\Users\USER\Downloads\website\node_modules\react-dom\cjs\react-dom-server-legacy.node.production.js:4843:7)
    at renderNode (C:\Users\USER\Downloads\website\node_modules\react-dom\cjs\react-dom-server-legacy.node.production.js:5401:14)
    at renderElement (C:\Users\USER\Downloads\website\node_modules\react-dom\cjs\react-dom-server-legacy.node.production.js:4400:14)
    at retryNode (C:\Users\USER\Downloads\website\node_modules\react-dom\cjs\react-dom-server-legacy.node.production.js:5040:16)
    at renderNodeDestructive (C:\Users\USER\Downloads\website\node_modules\react-dom\cjs\react-dom-server-legacy.node.production.js:4843:7)
    at renderNode (C:\Users\USER\Downloads\website\node_modules\react-dom\cjs\react-dom-server-legacy.node.production.js:5401:14)[39m
[31mReferenceError: React is not defined
    at ErrorPage (file:///C:/Users/USER/Downloads/website/build/server/entries/src_pages_error.mjs:20:3)
    at renderWithHooks (C:\Users\USER\Downloads\website\node_modules\react-dom\cjs\react-dom-server-legacy.node.production.js:4196:18)
    at renderElement (C:\Users\USER\Downloads\website\node_modules\react-dom\cjs\react-dom-server-legacy.node.production.js:4334:14)
    at retryNode (C:\Users\USER\Downloads\website\node_modules\react-dom\cjs\react-dom-server-legacy.node.production.js:5040:16)
    at renderNodeDestructive (C:\Users\USER\Downloads\website\node_modules\react-dom\cjs\react-dom-server-legacy.node.production.js:4843:7)
    at renderNode (C:\Users\USER\Downloads\website\node_modules\react-dom\cjs\react-dom-server-legacy.node.production.js:5401:14)
    at renderElement (C:\Users\USER\Downloads\website\node_modules\react-dom\cjs\react-dom-server-legacy.node.production.js:4400:14)
    at retryNode (C:\Users\USER\Downloads\website\node_modules\react-dom\cjs\react-dom-server-legacy.node.production.js:5040:16)
    at renderNodeDestructive (C:\Users\USER\Downloads\website\node_modules\react-dom\cjs\react-dom-server-legacy.node.production.js:4843:7)
    at renderNode (C:\Users\USER\Downloads\website\node_modules\react-dom\cjs\react-dom-server-legacy.node.production.js:5401:14)[39m
[31mReferenceError: React is not defined
    at ErrorPage (file:///C:/Users/USER/Downloads/website/build/server/entries/src_pages_error.mjs:20:3)
    at renderWithHooks (C:\Users\USER\Downloads\website\node_modules\react-dom\cjs\react-dom-server-legacy.node.production.js:4196:18)
    at renderElement (C:\Users\USER\Downloads\website\node_modules\react-dom\cjs\react-dom-server-legacy.node.production.js:4334:14)
    at retryNode (C:\Users\USER\Downloads\website\node_modules\react-dom\cjs\react-dom-server-legacy.node.production.js:5040:16)
    at renderNodeDestructive (C:\Users\USER\Downloads\website\node_modules\react-dom\cjs\react-dom-server-legacy.node.production.js:4843:7)
    at renderNode (C:\Users\USER\Downloads\website\node_modules\react-dom\cjs\react-dom-server-legacy.node.production.js:5401:14)
    at renderElement (C:\Users\USER\Downloads\website\node_modules\react-dom\cjs\react-dom-server-legacy.node.production.js:4400:14)
    at retryNode (C:\Users\USER\Downloads\website\node_modules\react-dom\cjs\react-dom-server-legacy.node.production.js:5040:16)
    at renderNodeDestructive (C:\Users\USER\Downloads\website\node_modules\react-dom\cjs\react-dom-server-legacy.node.production.js:4843:7)
    at renderNode (C:\Users\USER\Downloads\website\node_modules\react-dom\cjs\react-dom-server-legacy.node.production.js:5401:14)[39m
[31mReferenceError: React is not defined
    at ErrorPage (file:///C:/Users/USER/Downloads/website/build/server/entries/src_pages_error.mjs:20:3)
    at renderWithHooks (C:\Users\USER\Downloads\website\node_modules\react-dom\cjs\react-dom-server-legacy.node.production.js:4196:18)
    at renderElement (C:\Users\USER\Downloads\website\node_modules\react-dom\cjs\react-dom-server-legacy.node.production.js:4334:14)
    at retryNode (C:\Users\USER\Downloads\website\node_modules\react-dom\cjs\react-dom-server-legacy.node.production.js:5040:16)
    at renderNodeDestructive (C:\Users\USER\Downloads\website\node_modules\react-dom\cjs\react-dom-server-legacy.node.production.js:4843:7)
    at renderNode (C:\Users\USER\Downloads\website\node_modules\react-dom\cjs\react-dom-server-legacy.node.production.js:5401:14)
    at renderElement (C:\Users\USER\Downloads\website\node_modules\react-dom\cjs\react-dom-server-legacy.node.production.js:4400:14)
    at retryNode (C:\Users\USER\Downloads\website\node_modules\react-dom\cjs\react-dom-server-legacy.node.production.js:5040:16)
    at renderNodeDestructive (C:\Users\USER\Downloads\website\node_modules\react-dom\cjs\react-dom-server-legacy.node.production.js:4843:7)
    at renderNode (C:\Users\USER\Downloads\website\node_modules\react-dom\cjs\react-dom-server-legacy.node.production.js:5401:14)[39m
[31mReferenceError: React is not defined
    at ErrorPage (file:///C:/Users/USER/Downloads/website/build/server/entries/src_pages_error.mjs:20:3)
    at renderWithHooks (C:\Users\USER\Downloads\website\node_modules\react-dom\cjs\react-dom-server-legacy.node.production.js:4196:18)
    at renderElement (C:\Users\USER\Downloads\website\node_modules\react-dom\cjs\react-dom-server-legacy.node.production.js:4334:14)
    at retryNode (C:\Users\USER\Downloads\website\node_modules\react-dom\cjs\react-dom-server-legacy.node.production.js:5040:16)
    at renderNodeDestructive (C:\Users\USER\Downloads\website\node_modules\react-dom\cjs\react-dom-server-legacy.node.production.js:4843:7)
    at renderNode (C:\Users\USER\Downloads\website\node_modules\react-dom\cjs\react-dom-server-legacy.node.production.js:5401:14)
    at renderElement (C:\Users\USER\Downloads\website\node_modules\react-dom\cjs\react-dom-server-legacy.node.production.js:4400:14)
    at retryNode (C:\Users\USER\Downloads\website\node_modules\react-dom\cjs\react-dom-server-legacy.node.production.js:5040:16)
    at renderNodeDestructive (C:\Users\USER\Downloads\website\node_modules\react-dom\cjs\react-dom-server-legacy.node.production.js:4843:7)
    at renderNode (C:\Users\USER\Downloads\website\node_modules\react-dom\cjs\react-dom-server-legacy.node.production.js:5401:14)[39m
[31mReferenceError: React is not defined
    at ErrorPage (file:///C:/Users/USER/Downloads/website/build/server/entries/src_pages_error.mjs:20:3)
    at renderWithHooks (C:\Users\USER\Downloads\website\node_modules\react-dom\cjs\react-dom-server-legacy.node.production.js:4196:18)
    at renderElement (C:\Users\USER\Downloads\website\node_modules\react-dom\cjs\react-dom-server-legacy.node.production.js:4334:14)
    at retryNode (C:\Users\USER\Downloads\website\node_modules\react-dom\cjs\react-dom-server-legacy.node.production.js:5040:16)
    at renderNodeDestructive (C:\Users\USER\Downloads\website\node_modules\react-dom\cjs\react-dom-server-legacy.node.production.js:4843:7)
    at renderNode (C:\Users\USER\Downloads\website\node_modules\react-dom\cjs\react-dom-server-legacy.node.production.js:5401:14)
    at renderElement (C:\Users\USER\Downloads\website\node_modules\react-dom\cjs\react-dom-server-legacy.node.production.js:4400:14)
    at retryNode (C:\Users\USER\Downloads\website\node_modules\react-dom\cjs\react-dom-server-legacy.node.production.js:5040:16)
    at renderNodeDestructive (C:\Users\USER\Downloads\website\node_modules\react-dom\cjs\react-dom-server-legacy.node.production.js:4843:7)
    at renderNode (C:\Users\USER\Downloads\website\node_modules\react-dom\cjs\react-dom-server-legacy.node.production.js:5401:14)[39m
[31mReferenceError: React is not defined
    at ErrorPage (file:///C:/Users/USER/Downloads/website/build/server/entries/src_pages_error.mjs:20:3)
    at renderWithHooks (C:\Users\USER\Downloads\website\node_modules\react-dom\cjs\react-dom-server-legacy.node.production.js:4196:18)
    at renderElement (C:\Users\USER\Downloads\website\node_modules\react-dom\cjs\react-dom-server-legacy.node.production.js:4334:14)
    at retryNode (C:\Users\USER\Downloads\website\node_modules\react-dom\cjs\react-dom-server-legacy.node.production.js:5040:16)
    at renderNodeDestructive (C:\Users\USER\Downloads\website\node_modules\react-dom\cjs\react-dom-server-legacy.node.production.js:4843:7)
    at renderNode (C:\Users\USER\Downloads\website\node_modules\react-dom\cjs\react-dom-server-legacy.node.production.js:5401:14)
    at renderElement (C:\Users\USER\Downloads\website\node_modules\react-dom\cjs\react-dom-server-legacy.node.production.js:4400:14)
    at retryNode (C:\Users\USER\Downloads\website\node_modules\react-dom\cjs\react-dom-server-legacy.node.production.js:5040:16)
    at renderNodeDestructive (C:\Users\USER\Downloads\website\node_modules\react-dom\cjs\react-dom-server-legacy.node.production.js:4843:7)
    at renderNode (C:\Users\USER\Downloads\website\node_modules\react-dom\cjs\react-dom-server-legacy.node.production.js:5401:14)[39m
[31mReferenceError: React is not defined
    at ErrorPage (file:///C:/Users/USER/Downloads/website/build/server/entries/src_pages_error.mjs:20:3)
    at renderWithHooks (C:\Users\USER\Downloads\website\node_modules\react-dom\cjs\react-dom-server-legacy.node.production.js:4196:18)
    at renderElement (C:\Users\USER\Downloads\website\node_modules\react-dom\cjs\react-dom-server-legacy.node.production.js:4334:14)
    at retryNode (C:\Users\USER\Downloads\website\node_modules\react-dom\cjs\react-dom-server-legacy.node.production.js:5040:16)
    at renderNodeDestructive (C:\Users\USER\Downloads\website\node_modules\react-dom\cjs\react-dom-server-legacy.node.production.js:4843:7)
    at renderNode (C:\Users\USER\Downloads\website\node_modules\react-dom\cjs\react-dom-server-legacy.node.production.js:5401:14)
    at renderElement (C:\Users\USER\Downloads\website\node_modules\react-dom\cjs\react-dom-server-legacy.node.production.js:4400:14)
    at retryNode (C:\Users\USER\Downloads\website\node_modules\react-dom\cjs\react-dom-server-legacy.node.production.js:5040:16)
    at renderNodeDestructive (C:\Users\USER\Downloads\website\node_modules\react-dom\cjs\react-dom-server-legacy.node.production.js:4843:7)
    at renderNode (C:\Users\USER\Downloads\website\node_modules\react-dom\cjs\react-dom-server-legacy.node.production.js:5401:14)[39m
[31mReferenceError: React is not defined
    at ErrorPage (file:///C:/Users/USER/Downloads/website/build/server/entries/src_pages_error.mjs:20:3)
    at renderWithHooks (C:\Users\USER\Downloads\website\node_modules\react-dom\cjs\react-dom-server-legacy.node.production.js:4196:18)
    at renderElement (C:\Users\USER\Downloads\website\node_modules\react-dom\cjs\react-dom-server-legacy.node.production.js:4334:14)
    at retryNode (C:\Users\USER\Downloads\website\node_modules\react-dom\cjs\react-dom-server-legacy.node.production.js:5040:16)
    at renderNodeDestructive (C:\Users\USER\Downloads\website\node_modules\react-dom\cjs\react-dom-server-legacy.node.production.js:4843:7)
    at renderNode (C:\Users\USER\Downloads\website\node_modules\react-dom\cjs\react-dom-server-legacy.node.production.js:5401:14)
    at renderElement (C:\Users\USER\Downloads\website\node_modules\react-dom\cjs\react-dom-server-legacy.node.production.js:4400:14)
    at retryNode (C:\Users\USER\Downloads\website\node_modules\react-dom\cjs\react-dom-server-legacy.node.production.js:5040:16)
    at renderNodeDestructive (C:\Users\USER\Downloads\website\node_modules\react-dom\cjs\react-dom-server-legacy.node.production.js:4843:7)
    at renderNode (C:\Users\USER\Downloads\website\node_modules\react-dom\cjs\react-dom-server-legacy.node.production.js:5401:14)[39m
[31mReferenceError: React is not defined
    at ErrorPage (file:///C:/Users/USER/Downloads/website/build/server/entries/src_pages_error.mjs:20:3)
    at renderWithHooks (C:\Users\USER\Downloads\website\node_modules\react-dom\cjs\react-dom-server-legacy.node.production.js:4196:18)
    at renderElement (C:\Users\USER\Downloads\website\node_modules\react-dom\cjs\react-dom-server-legacy.node.production.js:4334:14)
    at retryNode (C:\Users\USER\Downloads\website\node_modules\react-dom\cjs\react-dom-server-legacy.node.production.js:5040:16)
    at renderNodeDestructive (C:\Users\USER\Downloads\website\node_modules\react-dom\cjs\react-dom-server-legacy.node.production.js:4843:7)
    at renderNode (C:\Users\USER\Downloads\website\node_modules\react-dom\cjs\react-dom-server-legacy.node.production.js:5401:14)
    at renderElement (C:\Users\USER\Downloads\website\node_modules\react-dom\cjs\react-dom-server-legacy.node.production.js:4400:14)
    at retryNode (C:\Users\USER\Downloads\website\node_modules\react-dom\cjs\react-dom-server-legacy.node.production.js:5040:16)
    at renderNodeDestructive (C:\Users\USER\Downloads\website\node_modules\react-dom\cjs\react-dom-server-legacy.node.production.js:4843:7)
    at renderNode (C:\Users\USER\Downloads\website\node_modules\react-dom\cjs\react-dom-server-legacy.node.production.js:5401:14)[39m
[31mReferenceError: React is not defined
    at ErrorPage (file:///C:/Users/USER/Downloads/website/build/server/entries/src_pages_error.mjs:20:3)
    at renderWithHooks (C:\Users\USER\Downloads\website\node_modules\react-dom\cjs\react-dom-server-legacy.node.production.js:4196:18)
    at renderElement (C:\Users\USER\Downloads\website\node_modules\react-dom\cjs\react-dom-server-legacy.node.production.js:4334:14)
    at retryNode (C:\Users\USER\Downloads\website\node_modules\react-dom\cjs\react-dom-server-legacy.node.production.js:5040:16)
    at renderNodeDestructive (C:\Users\USER\Downloads\website\node_modules\react-dom\cjs\react-dom-server-legacy.node.production.js:4843:7)
    at renderNode (C:\Users\USER\Downloads\website\node_modules\react-dom\cjs\react-dom-server-legacy.node.production.js:5401:14)
    at renderElement (C:\Users\USER\Downloads\website\node_modules\react-dom\cjs\react-dom-server-legacy.node.production.js:4400:14)
    at retryNode (C:\Users\USER\Downloads\website\node_modules\react-dom\cjs\react-dom-server-legacy.node.production.js:5040:16)
    at renderNodeDestructive (C:\Users\USER\Downloads\website\node_modules\react-dom\cjs\react-dom-server-legacy.node.production.js:4843:7)
    at renderNode (C:\Users\USER\Downloads\website\node_modules\react-dom\cjs\react-dom-server-legacy.node.production.js:5401:14)[39m
[31mReferenceError: React is not defined
    at ErrorPage (file:///C:/Users/USER/Downloads/website/build/server/entries/src_pages_error.mjs:20:3)
    at renderWithHooks (C:\Users\USER\Downloads\website\node_modules\react-dom\cjs\react-dom-server-legacy.node.production.js:4196:18)
    at renderElement (C:\Users\USER\Downloads\website\node_modules\react-dom\cjs\react-dom-server-legacy.node.production.js:4334:14)
    at retryNode (C:\Users\USER\Downloads\website\node_modules\react-dom\cjs\react-dom-server-legacy.node.production.js:5040:16)
    at renderNodeDestructive (C:\Users\USER\Downloads\website\node_modules\react-dom\cjs\react-dom-server-legacy.node.production.js:4843:7)
    at renderNode (C:\Users\USER\Downloads\website\node_modules\react-dom\cjs\react-dom-server-legacy.node.production.js:5401:14)
    at renderElement (C:\Users\USER\Downloads\website\node_modules\react-dom\cjs\react-dom-server-legacy.node.production.js:4400:14)
    at retryNode (C:\Users\USER\Downloads\website\node_modules\react-dom\cjs\react-dom-server-legacy.node.production.js:5040:16)
    at renderNodeDestructive (C:\Users\USER\Downloads\website\node_modules\react-dom\cjs\react-dom-server-legacy.node.production.js:4843:7)
    at renderNode (C:\Users\USER\Downloads\website\node_modules\react-dom\cjs\react-dom-server-legacy.node.production.js:5401:14)[39m
[31mReferenceError: React is not defined
    at ErrorPage (file:///C:/Users/USER/Downloads/website/build/server/entries/src_pages_error.mjs:20:3)
    at renderWithHooks (C:\Users\USER\Downloads\website\node_modules\react-dom\cjs\react-dom-server-legacy.node.production.js:4196:18)
    at renderElement (C:\Users\USER\Downloads\website\node_modules\react-dom\cjs\react-dom-server-legacy.node.production.js:4334:14)
    at retryNode (C:\Users\USER\Downloads\website\node_modules\react-dom\cjs\react-dom-server-legacy.node.production.js:5040:16)
    at renderNodeDestructive (C:\Users\USER\Downloads\website\node_modules\react-dom\cjs\react-dom-server-legacy.node.production.js:4843:7)
    at renderNode (C:\Users\USER\Downloads\website\node_modules\react-dom\cjs\react-dom-server-legacy.node.production.js:5401:14)
    at renderElement (C:\Users\USER\Downloads\website\node_modules\react-dom\cjs\react-dom-server-legacy.node.production.js:4400:14)
    at retryNode (C:\Users\USER\Downloads\website\node_modules\react-dom\cjs\react-dom-server-legacy.node.production.js:5040:16)
    at renderNodeDestructive (C:\Users\USER\Downloads\website\node_modules\react-dom\cjs\react-dom-server-legacy.node.production.js:4843:7)
    at renderNode (C:\Users\USER\Downloads\website\node_modules\react-dom\cjs\react-dom-server-legacy.node.production.js:5401:14)[39m
[31mReferenceError: React is not defined
    at ErrorPage (file:///C:/Users/USER/Downloads/website/build/server/entries/src_pages_error.mjs:20:3)
    at renderWithHooks (C:\Users\USER\Downloads\website\node_modules\react-dom\cjs\react-dom-server-legacy.node.production.js:4196:18)
    at renderElement (C:\Users\USER\Downloads\website\node_modules\react-dom\cjs\react-dom-server-legacy.node.production.js:4334:14)
    at retryNode (C:\Users\USER\Downloads\website\node_modules\react-dom\cjs\react-dom-server-legacy.node.production.js:5040:16)
    at renderNodeDestructive (C:\Users\USER\Downloads\website\node_modules\react-dom\cjs\react-dom-server-legacy.node.production.js:4843:7)
    at renderNode (C:\Users\USER\Downloads\website\node_modules\react-dom\cjs\react-dom-server-legacy.node.production.js:5401:14)
    at renderElement (C:\Users\USER\Downloads\website\node_modules\react-dom\cjs\react-dom-server-legacy.node.production.js:4400:14)
    at retryNode (C:\Users\USER\Downloads\website\node_modules\react-dom\cjs\react-dom-server-legacy.node.production.js:5040:16)
    at renderNodeDestructive (C:\Users\USER\Downloads\website\node_modules\react-dom\cjs\react-dom-server-legacy.node.production.js:4843:7)
    at renderNode (C:\Users\USER\Downloads\website\node_modules\react-dom\cjs\react-dom-server-legacy.node.production.js:5401:14)[39m
[31mReferenceError: React is not defined
    at ErrorPage (file:///C:/Users/USER/Downloads/website/build/server/entries/src_pages_error.mjs:20:3)
    at renderWithHooks (C:\Users\USER\Downloads\website\node_modules\react-dom\cjs\react-dom-server-legacy.node.production.js:4196:18)
    at renderElement (C:\Users\USER\Downloads\website\node_modules\react-dom\cjs\react-dom-server-legacy.node.production.js:4334:14)
    at retryNode (C:\Users\USER\Downloads\website\node_modules\react-dom\cjs\react-dom-server-legacy.node.production.js:5040:16)
    at renderNodeDestructive (C:\Users\USER\Downloads\website\node_modules\react-dom\cjs\react-dom-server-legacy.node.production.js:4843:7)
    at renderNode (C:\Users\USER\Downloads\website\node_modules\react-dom\cjs\react-dom-server-legacy.node.production.js:5401:14)
    at renderElement (C:\Users\USER\Downloads\website\node_modules\react-dom\cjs\react-dom-server-legacy.node.production.js:4400:14)
    at retryNode (C:\Users\USER\Downloads\website\node_modules\react-dom\cjs\react-dom-server-legacy.node.production.js:5040:16)
    at renderNodeDestructive (C:\Users\USER\Downloads\website\node_modules\react-dom\cjs\react-dom-server-legacy.node.production.js:4843:7)
    at renderNode (C:\Users\USER\Downloads\website\node_modules\react-dom\cjs\react-dom-server-legacy.node.production.js:5401:14)[39m
[31mReferenceError: React is not defined
    at ErrorPage (file:///C:/Users/USER/Downloads/website/build/server/entries/src_pages_error.mjs:20:3)
    at renderWithHooks (C:\Users\USER\Downloads\website\node_modules\react-dom\cjs\react-dom-server-legacy.node.production.js:4196:18)
    at renderElement (C:\Users\USER\Downloads\website\node_modules\react-dom\cjs\react-dom-server-legacy.node.production.js:4334:14)
    at retryNode (C:\Users\USER\Downloads\website\node_modules\react-dom\cjs\react-dom-server-legacy.node.production.js:5040:16)
    at renderNodeDestructive (C:\Users\USER\Downloads\website\node_modules\react-dom\cjs\react-dom-server-legacy.node.production.js:4843:7)
    at renderNode (C:\Users\USER\Downloads\website\node_modules\react-dom\cjs\react-dom-server-legacy.node.production.js:5401:14)
    at renderElement (C:\Users\USER\Downloads\website\node_modules\react-dom\cjs\react-dom-server-legacy.node.production.js:4400:14)
    at retryNode (C:\Users\USER\Downloads\website\node_modules\react-dom\cjs\react-dom-server-legacy.node.production.js:5040:16)
    at renderNodeDestructive (C:\Users\USER\Downloads\website\node_modules\react-dom\cjs\react-dom-server-legacy.node.production.js:4843:7)
    at renderNode (C:\Users\USER\Downloads\website\node_modules\react-dom\cjs\react-dom-server-legacy.node.production.js:5401:14)[39m
[31mReferenceError: React is not defined
    at ErrorPage (file:///C:/Users/USER/Downloads/website/build/server/entries/src_pages_error.mjs:20:3)
    at renderWithHooks (C:\Users\USER\Downloads\website\node_modules\react-dom\cjs\react-dom-server-legacy.node.production.js:4196:18)
    at renderElement (C:\Users\USER\Downloads\website\node_modules\react-dom\cjs\react-dom-server-legacy.node.production.js:4334:14)
    at retryNode (C:\Users\USER\Downloads\website\node_modules\react-dom\cjs\react-dom-server-legacy.node.production.js:5040:16)
    at renderNodeDestructive (C:\Users\USER\Downloads\website\node_modules\react-dom\cjs\react-dom-server-legacy.node.production.js:4843:7)
    at renderNode (C:\Users\USER\Downloads\website\node_modules\react-dom\cjs\react-dom-server-legacy.node.production.js:5401:14)
    at renderElement (C:\Users\USER\Downloads\website\node_modules\react-dom\cjs\react-dom-server-legacy.node.production.js:4400:14)
    at retryNode (C:\Users\USER\Downloads\website\node_modules\react-dom\cjs\react-dom-server-legacy.node.production.js:5040:16)
    at renderNodeDestructive (C:\Users\USER\Downloads\website\node_modules\react-dom\cjs\react-dom-server-legacy.node.production.js:4843:7)
    at renderNode (C:\Users\USER\Downloads\website\node_modules\react-dom\cjs\react-dom-server-legacy.node.production.js:5401:14)[39m
[31mReferenceError: React is not defined
    at ErrorPage (file:///C:/Users/USER/Downloads/website/build/server/entries/src_pages_error.mjs:20:3)
    at renderWithHooks (C:\Users\USER\Downloads\website\node_modules\react-dom\cjs\react-dom-server-legacy.node.production.js:4196:18)
    at renderElement (C:\Users\USER\Downloads\website\node_modules\react-dom\cjs\react-dom-server-legacy.node.production.js:4334:14)
    at retryNode (C:\Users\USER\Downloads\website\node_modules\react-dom\cjs\react-dom-server-legacy.node.production.js:5040:16)
    at renderNodeDestructive (C:\Users\USER\Downloads\website\node_modules\react-dom\cjs\react-dom-server-legacy.node.production.js:4843:7)
    at renderNode (C:\Users\USER\Downloads\website\node_modules\react-dom\cjs\react-dom-server-legacy.node.production.js:5401:14)
    at renderElement (C:\Users\USER\Downloads\website\node_modules\react-dom\cjs\react-dom-server-legacy.node.production.js:4400:14)
    at retryNode (C:\Users\USER\Downloads\website\node_modules\react-dom\cjs\react-dom-server-legacy.node.production.js:5040:16)
    at renderNodeDestructive (C:\Users\USER\Downloads\website\node_modules\react-dom\cjs\react-dom-server-legacy.node.production.js:4843:7)
    at renderNode (C:\Users\USER\Downloads\website\node_modules\react-dom\cjs\react-dom-server-legacy.node.production.js:5401:14)[39m
[31mReferenceError: React is not defined
    at ErrorPage (file:///C:/Users/USER/Downloads/website/build/server/entries/src_pages_error.mjs:20:3)
    at renderWithHooks (C:\Users\USER\Downloads\website\node_modules\react-dom\cjs\react-dom-server-legacy.node.production.js:4196:18)
    at renderElement (C:\Users\USER\Downloads\website\node_modules\react-dom\cjs\react-dom-server-legacy.node.production.js:4334:14)
    at retryNode (C:\Users\USER\Downloads\website\node_modules\react-dom\cjs\react-dom-server-legacy.node.production.js:5040:16)
    at renderNodeDestructive (C:\Users\USER\Downloads\website\node_modules\react-dom\cjs\react-dom-server-legacy.node.production.js:4843:7)
    at renderNode (C:\Users\USER\Downloads\website\node_modules\react-dom\cjs\react-dom-server-legacy.node.production.js:5401:14)
    at renderElement (C:\Users\USER\Downloads\website\node_modules\react-dom\cjs\react-dom-server-legacy.node.production.js:4400:14)
    at retryNode (C:\Users\USER\Downloads\website\node_modules\react-dom\cjs\react-dom-server-legacy.node.production.js:5040:16)
    at renderNodeDestructive (C:\Users\USER\Downloads\website\node_modules\react-dom\cjs\react-dom-server-legacy.node.production.js:4843:7)
    at renderNode (C:\Users\USER\Downloads\website\node_modules\react-dom\cjs\react-dom-server-legacy.node.production.js:5401:14)[39m
[31mReferenceError: React is not defined
    at ErrorPage (file:///C:/Users/USER/Downloads/website/build/server/entries/src_pages_error.mjs:20:3)
    at renderWithHooks (C:\Users\USER\Downloads\website\node_modules\react-dom\cjs\react-dom-server-legacy.node.production.js:4196:18)
    at renderElement (C:\Users\USER\Downloads\website\node_modules\react-dom\cjs\react-dom-server-legacy.node.production.js:4334:14)
    at retryNode (C:\Users\USER\Downloads\website\node_modules\react-dom\cjs\react-dom-server-legacy.node.production.js:5040:16)
    at renderNodeDestructive (C:\Users\USER\Downloads\website\node_modules\react-dom\cjs\react-dom-server-legacy.node.production.js:4843:7)
    at renderNode (C:\Users\USER\Downloads\website\node_modules\react-dom\cjs\react-dom-server-legacy.node.production.js:5401:14)
    at renderElement (C:\Users\USER\Downloads\website\node_modules\react-dom\cjs\react-dom-server-legacy.node.production.js:4400:14)
    at retryNode (C:\Users\USER\Downloads\website\node_modules\react-dom\cjs\react-dom-server-legacy.node.production.js:5040:16)
    at renderNodeDestructive (C:\Users\USER\Downloads\website\node_modules\react-dom\cjs\react-dom-server-legacy.node.production.js:4843:7)
    at renderNode (C:\Users\USER\Downloads\website\node_modules\react-dom\cjs\react-dom-server-legacy.node.production.js:5401:14)[39m
[31mReferenceError: React is not defined
    at ErrorPage (file:///C:/Users/USER/Downloads/website/build/server/entries/src_pages_error.mjs:20:3)
    at renderWithHooks (C:\Users\USER\Downloads\website\node_modules\react-dom\cjs\react-dom-server-legacy.node.production.js:4196:18)
    at renderElement (C:\Users\USER\Downloads\website\node_modules\react-dom\cjs\react-dom-server-legacy.node.production.js:4334:14)
    at retryNode (C:\Users\USER\Downloads\website\node_modules\react-dom\cjs\react-dom-server-legacy.node.production.js:5040:16)
    at renderNodeDestructive (C:\Users\USER\Downloads\website\node_modules\react-dom\cjs\react-dom-server-legacy.node.production.js:4843:7)
    at renderNode (C:\Users\USER\Downloads\website\node_modules\react-dom\cjs\react-dom-server-legacy.node.production.js:5401:14)
    at renderElement (C:\Users\USER\Downloads\website\node_modules\react-dom\cjs\react-dom-server-legacy.node.production.js:4400:14)
    at retryNode (C:\Users\USER\Downloads\website\node_modules\react-dom\cjs\react-dom-server-legacy.node.production.js:5040:16)
    at renderNodeDestructive (C:\Users\USER\Downloads\website\node_modules\react-dom\cjs\react-dom-server-legacy.node.production.js:4843:7)
    at renderNode (C:\Users\USER\Downloads\website\node_modules\react-dom\cjs\react-dom-server-legacy.node.production.js:5401:14)[39m
[31mReferenceError: React is not defined
    at ErrorPage (file:///C:/Users/USER/Downloads/website/build/server/entries/src_pages_error.mjs:20:3)
    at renderWithHooks (C:\Users\USER\Downloads\website\node_modules\react-dom\cjs\react-dom-server-legacy.node.production.js:4196:18)
    at renderElement (C:\Users\USER\Downloads\website\node_modules\react-dom\cjs\react-dom-server-legacy.node.production.js:4334:14)
    at retryNode (C:\Users\USER\Downloads\website\node_modules\react-dom\cjs\react-dom-server-legacy.node.production.js:5040:16)
    at renderNodeDestructive (C:\Users\USER\Downloads\website\node_modules\react-dom\cjs\react-dom-server-legacy.node.production.js:4843:7)
    at renderNode (C:\Users\USER\Downloads\website\node_modules\react-dom\cjs\react-dom-server-legacy.node.production.js:5401:14)
    at renderElement (C:\Users\USER\Downloads\website\node_modules\react-dom\cjs\react-dom-server-legacy.node.production.js:4400:14)
    at retryNode (C:\Users\USER\Downloads\website\node_modules\react-dom\cjs\react-dom-server-legacy.node.production.js:5040:16)
    at renderNodeDestructive (C:\Users\USER\Downloads\website\node_modules\react-dom\cjs\react-dom-server-legacy.node.production.js:4843:7)
    at renderNode (C:\Users\USER\Downloads\website\node_modules\react-dom\cjs\react-dom-server-legacy.node.production.js:5401:14)[39m
[31mReferenceError: React is not defined
    at ErrorPage (file:///C:/Users/USER/Downloads/website/build/server/entries/src_pages_error.mjs:20:3)
    at renderWithHooks (C:\Users\USER\Downloads\website\node_modules\react-dom\cjs\react-dom-server-legacy.node.production.js:4196:18)
    at renderElement (C:\Users\USER\Downloads\website\node_modules\react-dom\cjs\react-dom-server-legacy.node.production.js:4334:14)
    at retryNode (C:\Users\USER\Downloads\website\node_modules\react-dom\cjs\react-dom-server-legacy.node.production.js:5040:16)
    at renderNodeDestructive (C:\Users\USER\Downloads\website\node_modules\react-dom\cjs\react-dom-server-legacy.node.production.js:4843:7)
    at renderNode (C:\Users\USER\Downloads\website\node_modules\react-dom\cjs\react-dom-server-legacy.node.production.js:5401:14)
    at renderElement (C:\Users\USER\Downloads\website\node_modules\react-dom\cjs\react-dom-server-legacy.node.production.js:4400:14)
    at retryNode (C:\Users\USER\Downloads\website\node_modules\react-dom\cjs\react-dom-server-legacy.node.production.js:5040:16)
    at renderNodeDestructive (C:\Users\USER\Downloads\website\node_modules\react-dom\cjs\react-dom-server-legacy.node.production.js:4843:7)
    at renderNode (C:\Users\USER\Downloads\website\node_modules\react-dom\cjs\react-dom-server-legacy.node.production.js:5401:14)[39m
[31mReferenceError: React is not defined
    at ErrorPage (file:///C:/Users/USER/Downloads/website/build/server/entries/src_pages_error.mjs:20:3)
    at renderWithHooks (C:\Users\USER\Downloads\website\node_modules\react-dom\cjs\react-dom-server-legacy.node.production.js:4196:18)
    at renderElement (C:\Users\USER\Downloads\website\node_modules\react-dom\cjs\react-dom-server-legacy.node.production.js:4334:14)
    at retryNode (C:\Users\USER\Downloads\website\node_modules\react-dom\cjs\react-dom-server-legacy.node.production.js:5040:16)
    at renderNodeDestructive (C:\Users\USER\Downloads\website\node_modules\react-dom\cjs\react-dom-server-legacy.node.production.js:4843:7)
    at renderNode (C:\Users\USER\Downloads\website\node_modules\react-dom\cjs\react-dom-server-legacy.node.production.js:5401:14)
    at renderElement (C:\Users\USER\Downloads\website\node_modules\react-dom\cjs\react-dom-server-legacy.node.production.js:4400:14)
    at retryNode (C:\Users\USER\Downloads\website\node_modules\react-dom\cjs\react-dom-server-legacy.node.production.js:5040:16)
    at renderNodeDestructive (C:\Users\USER\Downloads\website\node_modules\react-dom\cjs\react-dom-server-legacy.node.production.js:4843:7)
    at renderNode (C:\Users\USER\Downloads\website\node_modules\react-dom\cjs\react-dom-server-legacy.node.production.js:5401:14)[39m
[31mReferenceError: React is not defined
    at ErrorPage (file:///C:/Users/USER/Downloads/website/build/server/entries/src_pages_error.mjs:20:3)
    at renderWithHooks (C:\Users\USER\Downloads\website\node_modules\react-dom\cjs\react-dom-server-legacy.node.production.js:4196:18)
    at renderElement (C:\Users\USER\Downloads\website\node_modules\react-dom\cjs\react-dom-server-legacy.node.production.js:4334:14)
    at retryNode (C:\Users\USER\Downloads\website\node_modules\react-dom\cjs\react-dom-server-legacy.node.production.js:5040:16)
    at renderNodeDestructive (C:\Users\USER\Downloads\website\node_modules\react-dom\cjs\react-dom-server-legacy.node.production.js:4843:7)
    at renderNode (C:\Users\USER\Downloads\website\node_modules\react-dom\cjs\react-dom-server-legacy.node.production.js:5401:14)
    at renderElement (C:\Users\USER\Downloads\website\node_modules\react-dom\cjs\react-dom-server-legacy.node.production.js:4400:14)
    at retryNode (C:\Users\USER\Downloads\website\node_modules\react-dom\cjs\react-dom-server-legacy.node.production.js:5040:16)
    at renderNodeDestructive (C:\Users\USER\Downloads\website\node_modules\react-dom\cjs\react-dom-server-legacy.node.production.js:4843:7)
    at renderNode (C:\Users\USER\Downloads\website\node_modules\react-dom\cjs\react-dom-server-legacy.node.production.js:5401:14)[39m
[31mReferenceError: React is not defined
    at ErrorPage (file:///C:/Users/USER/Downloads/website/build/server/entries/src_pages_error.mjs:20:3)
    at renderWithHooks (C:\Users\USER\Downloads\website\node_modules\react-dom\cjs\react-dom-server-legacy.node.production.js:4196:18)
    at renderElement (C:\Users\USER\Downloads\website\node_modules\react-dom\cjs\react-dom-server-legacy.node.production.js:4334:14)
    at retryNode (C:\Users\USER\Downloads\website\node_modules\react-dom\cjs\react-dom-server-legacy.node.production.js:5040:16)
    at renderNodeDestructive (C:\Users\USER\Downloads\website\node_modules\react-dom\cjs\react-dom-server-legacy.node.production.js:4843:7)
    at renderNode (C:\Users\USER\Downloads\website\node_modules\react-dom\cjs\react-dom-server-legacy.node.production.js:5401:14)
    at renderElement (C:\Users\USER\Downloads\website\node_modules\react-dom\cjs\react-dom-server-legacy.node.production.js:4400:14)
    at retryNode (C:\Users\USER\Downloads\website\node_modules\react-dom\cjs\react-dom-server-legacy.node.production.js:5040:16)
    at renderNodeDestructive (C:\Users\USER\Downloads\website\node_modules\react-dom\cjs\react-dom-server-legacy.node.production.js:4843:7)
    at renderNode (C:\Users\USER\Downloads\website\node_modules\react-dom\cjs\react-dom-server-legacy.node.production.js:5401:14)[39m
[31mReferenceError: React is not defined
    at ErrorPage (file:///C:/Users/USER/Downloads/website/build/server/entries/src_pages_error.mjs:20:3)
    at renderWithHooks (C:\Users\USER\Downloads\website\node_modules\react-dom\cjs\react-dom-server-legacy.node.production.js:4196:18)
    at renderElement (C:\Users\USER\Downloads\website\node_modules\react-dom\cjs\react-dom-server-legacy.node.production.js:4334:14)
    at retryNode (C:\Users\USER\Downloads\website\node_modules\react-dom\cjs\react-dom-server-legacy.node.production.js:5040:16)
    at renderNodeDestructive (C:\Users\USER\Downloads\website\node_modules\react-dom\cjs\react-dom-server-legacy.node.production.js:4843:7)
    at renderNode (C:\Users\USER\Downloads\website\node_modules\react-dom\cjs\react-dom-server-legacy.node.production.js:5401:14)
    at renderElement (C:\Users\USER\Downloads\website\node_modules\react-dom\cjs\react-dom-server-legacy.node.production.js:4400:14)
    at retryNode (C:\Users\USER\Downloads\website\node_modules\react-dom\cjs\react-dom-server-legacy.node.production.js:5040:16)
    at renderNodeDestructive (C:\Users\USER\Downloads\website\node_modules\react-dom\cjs\react-dom-server-legacy.node.production.js:4843:7)
    at renderNode (C:\Users\USER\Downloads\website\node_modules\react-dom\cjs\react-dom-server-legacy.node.production.js:5401:14)[39m
[31mReferenceError: React is not defined
    at ErrorPage (file:///C:/Users/USER/Downloads/website/build/server/entries/src_pages_error.mjs:20:3)
    at renderWithHooks (C:\Users\USER\Downloads\website\node_modules\react-dom\cjs\react-dom-server-legacy.node.production.js:4196:18)
    at renderElement (C:\Users\USER\Downloads\website\node_modules\react-dom\cjs\react-dom-server-legacy.node.production.js:4334:14)
    at retryNode (C:\Users\USER\Downloads\website\node_modules\react-dom\cjs\react-dom-server-legacy.node.production.js:5040:16)
    at renderNodeDestructive (C:\Users\USER\Downloads\website\node_modules\react-dom\cjs\react-dom-server-legacy.node.production.js:4843:7)
    at renderNode (C:\Users\USER\Downloads\website\node_modules\react-dom\cjs\react-dom-server-legacy.node.production.js:5401:14)
    at renderElement (C:\Users\USER\Downloads\website\node_modules\react-dom\cjs\react-dom-server-legacy.node.production.js:4400:14)
    at retryNode (C:\Users\USER\Downloads\website\node_modules\react-dom\cjs\react-dom-server-legacy.node.production.js:5040:16)
    at renderNodeDestructive (C:\Users\USER\Downloads\website\node_modules\react-dom\cjs\react-dom-server-legacy.node.production.js:4843:7)
    at renderNode (C:\Users\USER\Downloads\website\node_modules\react-dom\cjs\react-dom-server-legacy.node.production.js:5401:14)[39m
[31mReferenceError: React is not defined
    at ErrorPage (file:///C:/Users/USER/Downloads/website/build/server/entries/src_pages_error.mjs:20:3)
    at renderWithHooks (C:\Users\USER\Downloads\website\node_modules\react-dom\cjs\react-dom-server-legacy.node.production.js:4196:18)
    at renderElement (C:\Users\USER\Downloads\website\node_modules\react-dom\cjs\react-dom-server-legacy.node.production.js:4334:14)
    at retryNode (C:\Users\USER\Downloads\website\node_modules\react-dom\cjs\react-dom-server-legacy.node.production.js:5040:16)
    at renderNodeDestructive (C:\Users\USER\Downloads\website\node_modules\react-dom\cjs\react-dom-server-legacy.node.production.js:4843:7)
    at renderNode (C:\Users\USER\Downloads\website\node_modules\react-dom\cjs\react-dom-server-legacy.node.production.js:5401:14)
    at renderElement (C:\Users\USER\Downloads\website\node_modules\react-dom\cjs\react-dom-server-legacy.node.production.js:4400:14)
    at retryNode (C:\Users\USER\Downloads\website\node_modules\react-dom\cjs\react-dom-server-legacy.node.production.js:5040:16)
    at renderNodeDestructive (C:\Users\USER\Downloads\website\node_modules\react-dom\cjs\react-dom-server-legacy.node.production.js:4843:7)
    at renderNode (C:\Users\USER\Downloads\website\node_modules\react-dom\cjs\react-dom-server-legacy.node.production.js:5401:14)[39m
[31mReferenceError: React is not defined
    at ErrorPage (file:///C:/Users/USER/Downloads/website/build/server/entries/src_pages_error.mjs:20:3)
    at renderWithHooks (C:\Users\USER\Downloads\website\node_modules\react-dom\cjs\react-dom-server-legacy.node.production.js:4196:18)
    at renderElement (C:\Users\USER\Downloads\website\node_modules\react-dom\cjs\react-dom-server-legacy.node.production.js:4334:14)
    at retryNode (C:\Users\USER\Downloads\website\node_modules\react-dom\cjs\react-dom-server-legacy.node.production.js:5040:16)
    at renderNodeDestructive (C:\Users\USER\Downloads\website\node_modules\react-dom\cjs\react-dom-server-legacy.node.production.js:4843:7)
    at renderNode (C:\Users\USER\Downloads\website\node_modules\react-dom\cjs\react-dom-server-legacy.node.production.js:5401:14)
    at renderElement (C:\Users\USER\Downloads\website\node_modules\react-dom\cjs\react-dom-server-legacy.node.production.js:4400:14)
    at retryNode (C:\Users\USER\Downloads\website\node_modules\react-dom\cjs\react-dom-server-legacy.node.production.js:5040:16)
    at renderNodeDestructive (C:\Users\USER\Downloads\website\node_modules\react-dom\cjs\react-dom-server-legacy.node.production.js:4843:7)
    at renderNode (C:\Users\USER\Downloads\website\node_modules\react-dom\cjs\react-dom-server-legacy.node.production.js:5401:14)[39m
[31mReferenceError: React is not defined
    at ErrorPage (file:///C:/Users/USER/Downloads/website/build/server/entries/src_pages_error.mjs:20:3)
    at renderWithHooks (C:\Users\USER\Downloads\website\node_modules\react-dom\cjs\react-dom-server-legacy.node.production.js:4196:18)
    at renderElement (C:\Users\USER\Downloads\website\node_modules\react-dom\cjs\react-dom-server-legacy.node.production.js:4334:14)
    at retryNode (C:\Users\USER\Downloads\website\node_modules\react-dom\cjs\react-dom-server-legacy.node.production.js:5040:16)
    at renderNodeDestructive (C:\Users\USER\Downloads\website\node_modules\react-dom\cjs\react-dom-server-legacy.node.production.js:4843:7)
    at renderNode (C:\Users\USER\Downloads\website\node_modules\react-dom\cjs\react-dom-server-legacy.node.production.js:5401:14)
    at renderElement (C:\Users\USER\Downloads\website\node_modules\react-dom\cjs\react-dom-server-legacy.node.production.js:4400:14)
    at retryNode (C:\Users\USER\Downloads\website\node_modules\react-dom\cjs\react-dom-server-legacy.node.production.js:5040:16)
    at renderNodeDestructive (C:\Users\USER\Downloads\website\node_modules\react-dom\cjs\react-dom-server-legacy.node.production.js:4843:7)
    at renderNode (C:\Users\USER\Downloads\website\node_modules\react-dom\cjs\react-dom-server-legacy.node.production.js:5401:14)[39m
[31mReferenceError: React is not defined
    at ErrorPage (file:///C:/Users/USER/Downloads/website/build/server/entries/src_pages_error.mjs:20:3)
    at renderWithHooks (C:\Users\USER\Downloads\website\node_modules\react-dom\cjs\react-dom-server-legacy.node.production.js:4196:18)
    at renderElement (C:\Users\USER\Downloads\website\node_modules\react-dom\cjs\react-dom-server-legacy.node.production.js:4334:14)
    at retryNode (C:\Users\USER\Downloads\website\node_modules\react-dom\cjs\react-dom-server-legacy.node.production.js:5040:16)
    at renderNodeDestructive (C:\Users\USER\Downloads\website\node_modules\react-dom\cjs\react-dom-server-legacy.node.production.js:4843:7)
    at renderNode (C:\Users\USER\Downloads\website\node_modules\react-dom\cjs\react-dom-server-legacy.node.production.js:5401:14)
    at renderElement (C:\Users\USER\Downloads\website\node_modules\react-dom\cjs\react-dom-server-legacy.node.production.js:4400:14)
    at retryNode (C:\Users\USER\Downloads\website\node_modules\react-dom\cjs\react-dom-server-legacy.node.production.js:5040:16)
    at renderNodeDestructive (C:\Users\USER\Downloads\website\node_modules\react-dom\cjs\react-dom-server-legacy.node.production.js:4843:7)
    at renderNode (C:\Users\USER\Downloads\website\node_modules\react-dom\cjs\react-dom-server-legacy.node.production.js:5401:14)[39m
[31mReferenceError: React is not defined
    at ErrorPage (file:///C:/Users/USER/Downloads/website/build/server/entries/src_pages_error.mjs:20:3)
    at renderWithHooks (C:\Users\USER\Downloads\website\node_modules\react-dom\cjs\react-dom-server-legacy.node.production.js:4196:18)
    at renderElement (C:\Users\USER\Downloads\website\node_modules\react-dom\cjs\react-dom-server-legacy.node.production.js:4334:14)
    at retryNode (C:\Users\USER\Downloads\website\node_modules\react-dom\cjs\react-dom-server-legacy.node.production.js:5040:16)
    at renderNodeDestructive (C:\Users\USER\Downloads\website\node_modules\react-dom\cjs\react-dom-server-legacy.node.production.js:4843:7)
    at renderNode (C:\Users\USER\Downloads\website\node_modules\react-dom\cjs\react-dom-server-legacy.node.production.js:5401:14)
    at renderElement (C:\Users\USER\Downloads\website\node_modules\react-dom\cjs\react-dom-server-legacy.node.production.js:4400:14)
    at retryNode (C:\Users\USER\Downloads\website\node_modules\react-dom\cjs\react-dom-server-legacy.node.production.js:5040:16)
    at renderNodeDestructive (C:\Users\USER\Downloads\website\node_modules\react-dom\cjs\react-dom-server-legacy.node.production.js:4843:7)
    at renderNode (C:\Users\USER\Downloads\website\node_modules\react-dom\cjs\react-dom-server-legacy.node.production.js:5401:14)[39m
[31mReferenceError: React is not defined
    at ErrorPage (file:///C:/Users/USER/Downloads/website/build/server/entries/src_pages_error.mjs:20:3)
    at renderWithHooks (C:\Users\USER\Downloads\website\node_modules\react-dom\cjs\react-dom-server-legacy.node.production.js:4196:18)
    at renderElement (C:\Users\USER\Downloads\website\node_modules\react-dom\cjs\react-dom-server-legacy.node.production.js:4334:14)
    at retryNode (C:\Users\USER\Downloads\website\node_modules\react-dom\cjs\react-dom-server-legacy.node.production.js:5040:16)
    at renderNodeDestructive (C:\Users\USER\Downloads\website\node_modules\react-dom\cjs\react-dom-server-legacy.node.production.js:4843:7)
    at renderNode (C:\Users\USER\Downloads\website\node_modules\react-dom\cjs\react-dom-server-legacy.node.production.js:5401:14)
    at renderElement (C:\Users\USER\Downloads\website\node_modules\react-dom\cjs\react-dom-server-legacy.node.production.js:4400:14)
    at retryNode (C:\Users\USER\Downloads\website\node_modules\react-dom\cjs\react-dom-server-legacy.node.production.js:5040:16)
    at renderNodeDestructive (C:\Users\USER\Downloads\website\node_modules\react-dom\cjs\react-dom-server-legacy.node.production.js:4843:7)
    at renderNode (C:\Users\USER\Downloads\website\node_modules\react-dom\cjs\react-dom-server-legacy.node.production.js:5401:14)[39m
npm error A complete log of this run can be found in: C:\Users\USER\AppData\Local\npm-cache\_logs\2026-03-23T13_34_46_440Z-debug-0.log
